Component: Arm Compiler for Embedded 6.22 Tool: armlink [5ee90200]

==============================================================================

Section Cross References

    empty.o(.text) refers (Special) to _printf_percent.o(.ARM.Collect$$_printf_percent$$00000000) for _printf_percent
    empty.o(.text) refers (Special) to _printf_d.o(.ARM.Collect$$_printf_percent$$00000009) for _printf_d
    empty.o(.text) refers (Special) to _printf_dec.o(.text) for _printf_int_dec
    empty.o(.text.main) refers (Special) to _printf_percent.o(.ARM.Collect$$_printf_percent$$00000000) for _printf_percent
    empty.o(.text.main) refers (Special) to _printf_d.o(.ARM.Collect$$_printf_percent$$00000009) for _printf_d
    empty.o(.text.main) refers (Special) to _printf_dec.o(.text) for _printf_int_dec
    empty.o(.text.main) refers to board.o(.text.board_init) for board_init
    empty.o(.text.main) refers to oled.o(.text.OLED_Init) for OLED_Init
    empty.o(.text.main) refers to oled.o(.text.OLED_Clear) for OLED_Clear
    empty.o(.text.main) refers to pid.o(.text.pid_init) for pid_init
    empty.o(.text.main) refers to bsp_sg90.o(.text.Set_Servo_Angle_x) for Set_Servo_Angle_x
    empty.o(.text.main) refers to board.o(.text.delay_ms) for delay_ms
    empty.o(.text.main) refers to bsp_sg90.o(.text.Set_Servo_Angle_y) for Set_Servo_Angle_y
    empty.o(.text.main) refers to ffixi.o(.text) for __aeabi_f2iz
    empty.o(.text.main) refers to noretval__2sprintf.o(.text) for __2sprintf
    empty.o(.text.main) refers to pid.o(.bss.motorA) for motorA
    empty.o(.text.main) refers to pid.o(.bss.motorB) for motorB
    empty.o(.text.main) refers to empty.o(.data.servo_x) for [Anonymous Symbol]
    empty.o(.text.main) refers to empty.o(.bss.uart_send) for uart_send
    empty.o(.ARM.exidx.text.main) refers (Special) to _printf_percent.o(.ARM.Collect$$_printf_percent$$00000000) for _printf_percent
    empty.o(.ARM.exidx.text.main) refers (Special) to _printf_d.o(.ARM.Collect$$_printf_percent$$00000009) for _printf_d
    empty.o(.ARM.exidx.text.main) refers (Special) to _printf_dec.o(.text) for _printf_int_dec
    empty.o(.ARM.exidx.text.main) refers to empty.o(.text.main) for [Anonymous Symbol]
    empty.o(.text.uart1_send_string) refers (Special) to _printf_percent.o(.ARM.Collect$$_printf_percent$$00000000) for _printf_percent
    empty.o(.text.uart1_send_string) refers (Special) to _printf_d.o(.ARM.Collect$$_printf_percent$$00000009) for _printf_d
    empty.o(.text.uart1_send_string) refers (Special) to _printf_dec.o(.text) for _printf_int_dec
    empty.o(.ARM.exidx.text.uart1_send_string) refers (Special) to _printf_percent.o(.ARM.Collect$$_printf_percent$$00000000) for _printf_percent
    empty.o(.ARM.exidx.text.uart1_send_string) refers (Special) to _printf_d.o(.ARM.Collect$$_printf_percent$$00000009) for _printf_d
    empty.o(.ARM.exidx.text.uart1_send_string) refers (Special) to _printf_dec.o(.text) for _printf_int_dec
    empty.o(.ARM.exidx.text.uart1_send_string) refers to empty.o(.text.uart1_send_string) for [Anonymous Symbol]
    empty.o(.text.TIMG0_IRQHandler) refers (Special) to _printf_percent.o(.ARM.Collect$$_printf_percent$$00000000) for _printf_percent
    empty.o(.text.TIMG0_IRQHandler) refers (Special) to _printf_d.o(.ARM.Collect$$_printf_percent$$00000009) for _printf_d
    empty.o(.text.TIMG0_IRQHandler) refers (Special) to _printf_dec.o(.text) for _printf_int_dec
    empty.o(.text.TIMG0_IRQHandler) refers to pid.o(.text.pid_cal) for pid_cal
    empty.o(.text.TIMG0_IRQHandler) refers to faddsub.o(x$fpl$fadd) for __aeabi_fadd
    empty.o(.text.TIMG0_IRQHandler) refers to fcmp.o(i._fgr) for __aeabi_fcmpgt
    empty.o(.text.TIMG0_IRQHandler) refers to fcmp.o(i._fls) for __aeabi_fcmplt
    empty.o(.text.TIMG0_IRQHandler) refers to fcmp.o(i._fgeq) for __aeabi_fcmpge
    empty.o(.text.TIMG0_IRQHandler) refers to ffixui.o(.text) for __aeabi_f2uiz
    empty.o(.text.TIMG0_IRQHandler) refers to bsp_sg90.o(.text.Set_Servo_Angle_x) for Set_Servo_Angle_x
    empty.o(.text.TIMG0_IRQHandler) refers to bsp_sg90.o(.text.Set_Servo_Angle_y) for Set_Servo_Angle_y
    empty.o(.text.TIMG0_IRQHandler) refers to pid.o(.bss.motorA) for motorA
    empty.o(.text.TIMG0_IRQHandler) refers to pid.o(.bss.motorB) for motorB
    empty.o(.text.TIMG0_IRQHandler) refers to empty.o(.data.servo_y) for [Anonymous Symbol]
    empty.o(.text.TIMG0_IRQHandler) refers to empty.o(.data.servo_x) for [Anonymous Symbol]
    empty.o(.ARM.exidx.text.TIMG0_IRQHandler) refers (Special) to _printf_percent.o(.ARM.Collect$$_printf_percent$$00000000) for _printf_percent
    empty.o(.ARM.exidx.text.TIMG0_IRQHandler) refers (Special) to _printf_d.o(.ARM.Collect$$_printf_percent$$00000009) for _printf_d
    empty.o(.ARM.exidx.text.TIMG0_IRQHandler) refers (Special) to _printf_dec.o(.text) for _printf_int_dec
    empty.o(.ARM.exidx.text.TIMG0_IRQHandler) refers to empty.o(.text.TIMG0_IRQHandler) for [Anonymous Symbol]
[...]
    Removing dl_flashctl.o(.text.DL_FlashCTL_readVerify32WithECCManual), (48 bytes).
    Removing dl_flashctl.o(.ARM.exidx.text.DL_FlashCTL_readVerify32WithECCManual), (8 bytes).
    Removing dl_flashctl.o(.text.DL_FlashCTL_readVerify64WithECCManual), (52 bytes).
    Removing dl_flashctl.o(.ARM.exidx.text.DL_FlashCTL_readVerify64WithECCManual), (8 bytes).
    Removing dl_flashctl.o(.text.DL_FlashCTL_blankVerify), (24 bytes).
    Removing dl_flashctl.o(.ARM.exidx.text.DL_FlashCTL_blankVerify), (8 bytes).
    Removing dl_flashctl.o(.text.DL_FlashCTL_blankVerifyFromRAM), (24 bytes).
    Removing dl_flashctl.o(.ARM.exidx.text.DL_FlashCTL_blankVerifyFromRAM), (8 bytes).
    Removing dl_dma.o(.text), (0 bytes).
    Removing dl_dma.o(.text.DL_DMA_initChannel), (68 bytes).
    Removing dl_dma.o(.ARM.exidx.text.DL_DMA_initChannel), (8 bytes).
    Removing dl_dac12.o(.text), (0 bytes).
    Removing dl_dac12.o(.text.DL_DAC12_init), (140 bytes).
    Removing dl_dac12.o(.ARM.exidx.text.DL_DAC12_init), (8 bytes).
    Removing dl_dac12.o(.text.DL_DAC12_outputBlocking8), (48 bytes).
    Removing dl_dac12.o(.ARM.exidx.text.DL_DAC12_outputBlocking8), (8 bytes).
    Removing dl_dac12.o(.text.DL_DAC12_outputBlocking12), (56 bytes).
    Removing dl_dac12.o(.ARM.exidx.text.DL_DAC12_outputBlocking12), (8 bytes).
    Removing dl_dac12.o(.text.DL_DAC12_fillFIFO8), (160 bytes).
    Removing dl_dac12.o(.ARM.exidx.text.DL_DAC12_fillFIFO8), (8 bytes).
    Removing dl_dac12.o(.text.DL_DAC12_fillFIFO12), (56 bytes).
    Removing dl_dac12.o(.ARM.exidx.text.DL_DAC12_fillFIFO12), (8 bytes).
    Removing dl_dac12.o(.text.DL_DAC12_performSelfCalibrationBlocking), (36 bytes).
    Removing dl_dac12.o(.ARM.exidx.text.DL_DAC12_performSelfCalibrationBlocking), (8 bytes).
    Removing dl_crcp.o(.text), (0 bytes).
    Removing dl_crc.o(.text), (0 bytes).
    Removing dl_crc.o(.text.DL_CRC_calculateBlock32), (92 bytes).
    Removing dl_crc.o(.ARM.exidx.text.DL_CRC_calculateBlock32), (8 bytes).
    Removing dl_crc.o(.text.DL_CRC_calculateMemoryRange32), (52 bytes).
    Removing dl_crc.o(.ARM.exidx.text.DL_CRC_calculateMemoryRange32), (8 bytes).
    Removing dl_crc.o(.text.DL_CRC_calculateBlock16), (156 bytes).
    Removing dl_crc.o(.ARM.exidx.text.DL_CRC_calculateBlock16), (8 bytes).
    Removing dl_crc.o(.text.DL_CRC_calculateMemoryRange16), (104 bytes).
    Removing dl_crc.o(.ARM.exidx.text.DL_CRC_calculateMemoryRange16), (8 bytes).
    Removing dl_common.o(.text), (0 bytes).
    Removing dl_common.o(.ARM.exidx.text.DL_Common_delayCycles), (8 bytes).
    Removing dl_aesadv.o(.text), (0 bytes).
    Removing dl_aes.o(.text), (0 bytes).
    Removing dl_aes.o(.text.DL_AES_setKey), (72 bytes).
    Removing dl_aes.o(.ARM.exidx.text.DL_AES_setKey), (8 bytes).
    Removing dl_aes.o(.text.DL_AES_setKeyAligned), (56 bytes).
    Removing dl_aes.o(.ARM.exidx.text.DL_AES_setKeyAligned), (8 bytes).
    Removing dl_aes.o(.text.DL_AES_loadDataIn), (40 bytes).
    Removing dl_aes.o(.ARM.exidx.text.DL_AES_loadDataIn), (8 bytes).
    Removing dl_aes.o(.text.DL_AES_loadDataInAligned), (24 bytes).
    Removing dl_aes.o(.ARM.exidx.text.DL_AES_loadDataInAligned), (8 bytes).
    Removing dl_aes.o(.text.DL_AES_getDataOut), (36 bytes).
    Removing dl_aes.o(.ARM.exidx.text.DL_AES_getDataOut), (8 bytes).
    Removing dl_aes.o(.text.DL_AES_getDataOutAligned), (24 bytes).
    Removing dl_aes.o(.ARM.exidx.text.DL_AES_getDataOutAligned), (8 bytes).
    Removing dl_aes.o(.text.DL_AES_loadXORDataIn), (40 bytes).
    Removing dl_aes.o(.ARM.exidx.text.DL_AES_loadXORDataIn), (8 bytes).
    Removing dl_aes.o(.text.DL_AES_loadXORDataInAligned), (24 bytes).
    Removing dl_aes.o(.ARM.exidx.text.DL_AES_loadXORDataInAligned), (8 bytes).
    Removing dl_aes.o(.text.DL_AES_loadXORDataInWithoutTrigger), (40 bytes).
    Removing dl_aes.o(.ARM.exidx.text.DL_AES_loadXORDataInWithoutTrigger), (8 bytes).
    Removing dl_aes.o(.text.DL_AES_loadXORDataInWithoutTriggerAligned), (24 bytes).
    Removing dl_aes.o(.ARM.exidx.text.DL_AES_loadXORDataInWithoutTriggerAligned), (8 bytes).
    Removing dl_aes.o(.text.DL_AES_xorData), (52 bytes).
    Removing dl_aes.o(.ARM.exidx.text.DL_AES_xorData), (8 bytes).
    Removing dl_aes.o(.text.DL_AES_xorDataAligned), (36 bytes).
    Removing dl_aes.o(.ARM.exidx.text.DL_AES_xorDataAligned), (8 bytes).
    Removing dl_aes.o(.text.DL_AES_saveConfiguration), (80 bytes).
    Removing dl_aes.o(.ARM.exidx.text.DL_AES_saveConfiguration), (8 bytes).
    Removing dl_aes.o(.text.DL_AES_restoreConfiguration), (84 bytes).
    Removing dl_aes.o(.ARM.exidx.text.DL_AES_restoreConfiguration), (8 bytes).
    Removing dl_adc12.o(.text), (0 bytes).
    Removing dl_adc12.o(.text.DL_ADC12_setClockConfig), (64 bytes).
    Removing dl_adc12.o(.ARM.exidx.text.DL_ADC12_setClockConfig), (8 bytes).
    Removing dl_adc12.o(.text.DL_ADC12_getClockConfig), (40 bytes).
    Removing dl_adc12.o(.ARM.exidx.text.DL_ADC12_getClockConfig), (8 bytes).

691 unused section(s) (total 34108 bytes) removed from the image.

==============================================================================

Image Symbol Table

    Local Symbols

    Symbol Name                              Value     Ov Type        Size  Object(Section)

    ../clib/angel/boardlib.s                 0x00000000   Number         0  boardinit1.o ABSOLUTE
    ../clib/angel/boardlib.s                 0x00000000   Number         0  boardinit2.o ABSOLUTE
    ../clib/angel/boardlib.s                 0x00000000   Number         0  boardinit3.o ABSOLUTE
    ../clib/angel/boardlib.s                 0x00000000   Number         0  boardshut.o ABSOLUTE
    ../clib/angel/handlers.s                 0x00000000   Number         0  __scatter_copy.o ABSOLUTE
    ../clib/angel/handlers.s                 0x00000000   Number         0  __scatter_zi.o ABSOLUTE
    ../clib/angel/kernel.s                   0x00000000   Number         0  __rtentry.o ABSOLUTE
    ../clib/angel/kernel.s                   0x00000000   Number         0  __rtentry2.o ABSOLUTE
    ../clib/angel/kernel.s                   0x00000000   Number         0  __rtentry4.o ABSOLUTE
    ../clib/angel/kernel.s                   0x00000000   Number         0  rtexit.o ABSOLUTE
    ../clib/angel/kernel.s                   0x00000000   Number         0  rtexit2.o ABSOLUTE
    ../clib/angel/rt.s                       0x00000000   Number         0  aeabi_idiv0.o ABSOLUTE
    ../clib/angel/rt.s                       0x00000000   Number         0  aeabi_idiv0_sigfpe.o ABSOLUTE
    ../clib/angel/rt.s                       0x00000000   Number         0  rt_div0.o ABSOLUTE
    ../clib/angel/rt.s                       0x00000000   Number         0  rt_raise.o ABSOLUTE
    ../clib/angel/scatterp.s                 0x00000000   Number         0  __scatter.o ABSOLUTE
    ../clib/angel/startup.s                  0x00000000   Number         0  __main.o ABSOLUTE
    ../clib/angel/sys.s                      0x00000000   Number         0  sys_stackheap_outer.o ABSOLUTE
    ../clib/angel/sys.s                      0x00000000   Number         0  libspace.o ABSOLUTE
    ../clib/angel/sys.s                      0x00000000   Number         0  tempstk.o ABSOLUTE
    ../clib/angel/sys.s                      0x00000000   Number         0  use_no_semi.o ABSOLUTE
    ../clib/angel/sys.s                      0x00000000   Number         0  indicate_semi.o ABSOLUTE
    ../clib/angel/sysapp.c                   0x00000000   Number         0  sys_wrch.o ABSOLUTE
    ../clib/angel/sysapp.c                   0x00000000   Number         0  sys_wrch_hlt.o ABSOLUTE
    ../clib/angel/sysapp.c                   0x00000000   Number         0  sys_command.o ABSOLUTE
    ../clib/angel/sysapp.c                   0x00000000   Number         0  sys_command_hlt.o ABSOLUTE
    ../clib/armsys.c                         0x00000000   Number         0  argv_veneer.o ABSOLUTE
    ../clib/armsys.c                         0x00000000   Number         0  _get_argv_nomalloc.o ABSOLUTE
    ../clib/armsys.c                         0x00000000   Number         0  no_argv.o ABSOLUTE
    ../clib/division.c                       0x00000000   Number         0  rtudiv10.o ABSOLUTE
    ../clib/division.s                       0x00000000   Number         0  aeabi_sdivfast.o ABSOLUTE
    ../clib/division.s                       0x00000000   Number         0  aeabi_sdivfast_div0.o ABSOLUTE
    ../clib/heapalloc.c                      0x00000000   Number         0  hrguard.o ABSOLUTE
    ../clib/heapaux.c                        0x00000000   Number         0  heapauxi.o ABSOLUTE
    ../clib/libinit.s                        0x00000000   Number         0  libinit.o ABSOLUTE
    ../clib/libinit.s                        0x00000000   Number         0  libinit2.o ABSOLUTE
    ../clib/libinit.s                        0x00000000   Number         0  libshutdown.o ABSOLUTE
    ../clib/libinit.s                        0x00000000   Number         0  libshutdown2.o ABSOLUTE
    ../clib/printf.c                         0x00000000   Number         0  __2sprintf.o ABSOLUTE
    ../clib/printf.c                         0x00000000   Number         0  noretval__2sprintf.o ABSOLUTE
    ../clib/printf.c                         0x00000000   Number         0  __printf.o ABSOLUTE
    ../clib/printf.c                         0x00000000   Number         0  _printf_dec.o ABSOLUTE
    ../clib/printf.c                         0x00000000   Number         0  __printf_flags.o ABSOLUTE
    ../clib/printf.c                         0x00000000   Number         0  __printf_ss.o ABSOLUTE
    ../clib/printf.c                         0x00000000   Number         0  __printf_flags_ss.o ABSOLUTE
    ../clib/printf.c                         0x00000000   Number         0  __printf_wp.o ABSOLUTE
    ../clib/printf.c                         0x00000000   Number         0  __printf_flags_wp.o ABSOLUTE
    ../clib/printf.c                         0x00000000   Number         0  __printf_ss_wp.o ABSOLUTE
    ../clib/printf.c                         0x00000000   Number         0  __printf_flags_ss_wp.o ABSOLUTE
    ../clib/printf.c                         0x00000000   Number         0  _printf_intcommon.o ABSOLUTE
    ../clib/printf.c                         0x00000000   Number         0  _printf_char_common.o ABSOLUTE
    ../clib/printf.c                         0x00000000   Number         0  _sputc.o ABSOLUTE
    ../clib/printf.c                         0x00000000   Number         0  __printf_nopercent.o ABSOLUTE
    ../clib/printf_percent.s                 0x00000000   Number         0  _printf_d.o ABSOLUTE
    ../clib/printf_percent.s                 0x00000000   Number         0  _printf_percent.o ABSOLUTE
    ../clib/printf_percent.s                 0x00000000   Number         0  _printf_percent_end.o ABSOLUTE
    ../clib/signal.c                         0x00000000   Number         0  defsig_fpe_outer.o ABSOLUTE
    ../clib/signal.c                         0x00000000   Number         0  defsig_fpe_formal.o ABSOLUTE
    ../clib/signal.c                         0x00000000   Number         0  defsig_exit.o ABSOLUTE
    ../clib/signal.c                         0x00000000   Number         0  defsig_fpe_inner.o ABSOLUTE
    ../clib/signal.c                         0x00000000   Number         0  __raise.o ABSOLUTE
    ../clib/signal.c                         0x00000000   Number         0  defsig_general.o ABSOLUTE
    ../clib/signal.c                         0x00000000   Number         0  defsig_abrt_inner.o ABSOLUTE
    ../clib/signal.c                         0x00000000   Number         0  defsig_rtred_inner.o ABSOLUTE
    ../clib/signal.c                         0x00000000   Number         0  defsig_rtmem_inner.o ABSOLUTE
    ../clib/signal.c                         0x00000000   Number         0  defsig_rtmem_outer.o ABSOLUTE
    ../clib/signal.c                         0x00000000   Number         0  defsig_rtmem_formal.o ABSOLUTE
    ../clib/signal.c                         0x00000000   Number         0  defsig_stak_inner.o ABSOLUTE
    ../clib/signal.c                         0x00000000   Number         0  defsig_pvfn_inner.o ABSOLUTE
    ../clib/signal.c                         0x00000000   Number         0  defsig_cppl_inner.o ABSOLUTE
    ../clib/signal.c                         0x00000000   Number         0  defsig_segv_inner.o ABSOLUTE
    ../clib/signal.c                         0x00000000   Number         0  defsig_other.o ABSOLUTE
    ../clib/signal.s                         0x00000000   Number         0  defsig.o ABSOLUTE
    ../clib/stdio.c                          0x00000000   Number         0  puts.o ABSOLUTE
    ../clib/stdlib.c                         0x00000000   Number         0  exit.o ABSOLUTE
    ../fplib/cfplib/cmp.c                    0x00000000   Number         0  fcmp.o ABSOLUTE
    ../fplib/cfplib/cmpret.c                 0x00000000   Number         0  cmpret.o ABSOLUTE
    ../fplib/cfplib/fcmpin.c                 0x00000000   Number         0  fcmpin.o ABSOLUTE
    ../fplib/cfplib/fdiv.c                   0x00000000   Number         0  fdiv.o ABSOLUTE
    ../fplib/cfplib/ffix.c                   0x00000000   Number         0  ffixi.o ABSOLUTE
    ../fplib/cfplib/ffix.c                   0x00000000   Number         0  ffixui.o ABSOLUTE
    ../fplib/cfplib/fflt.c                   0x00000000   Number         0  fflti.o ABSOLUTE
    ../fplib/cfplib/fpinit.c                 0x00000000   Number         0  fpinit.o ABSOLUTE
    ../fplib/cfplib/nan2.c                   0x00000000   Number         0  fnan2.o ABSOLUTE
    ../fplib/cfplib/retnan.c                 0x00000000   Number         0  retnan.o ABSOLUTE
    ../fplib/faddsub6m.s                     0x00000000   Number         0  faddsub.o ABSOLUTE
    ../fplib/feqf6m.s                        0x00000000   Number         0  feqf.o ABSOLUTE
    ../fplib/fgeqf6m.s                       0x00000000   Number         0  fgef.o ABSOLUTE
    ../fplib/fleqf6m.s                       0x00000000   Number         0  flef.o ABSOLUTE
    ../fplib/fmul6m.s                        0x00000000   Number         0  fmul.o ABSOLUTE
    ../fplib/usenofp.s                       0x00000000   Number         0  usenofp.o ABSOLUTE
    board.c                                  0x00000000   Number         0  board.o ABSOLUTE
    bsp_sg90.c                               0x00000000   Number         0  bsp_sg90.o ABSOLUTE
    dc.s                                     0x00000000   Number         0  dc.o ABSOLUTE
    dl_adc12.c                               0x00000000   Number         0  dl_adc12.o ABSOLUTE
    dl_aes.c                                 0x00000000   Number         0  dl_aes.o ABSOLUTE
    dl_aesadv.c                              0x00000000   Number         0  dl_aesadv.o ABSOLUTE
    dl_common.c                              0x00000000   Number         0  dl_common.o ABSOLUTE
    dl_crc.c                                 0x00000000   Number         0  dl_crc.o ABSOLUTE
    dl_crcp.c                                0x00000000   Number         0  dl_crcp.o ABSOLUTE
    dl_dac12.c                               0x00000000   Number         0  dl_dac12.o ABSOLUTE
    dl_dma.c                                 0x00000000   Number         0  dl_dma.o ABSOLUTE
    dl_flashctl.c                            0x00000000   Number         0  dl_flashctl.o ABSOLUTE
    dl_i2c.c                                 0x00000000   Number         0  dl_i2c.o ABSOLUTE
    dl_keystorectl.c                         0x00000000   Number         0  dl_keystorectl.o ABSOLUTE
    dl_lcd.c                                 0x00000000   Number         0  dl_lcd.o ABSOLUTE
    dl_lfss.c                                0x00000000   Number         0  dl_lfss.o ABSOLUTE
    dl_mathacl.c                             0x00000000   Number         0  dl_mathacl.o ABSOLUTE
    dl_mcan.c                                0x00000000   Number         0  dl_mcan.o ABSOLUTE
    dl_opa.c                                 0x00000000   Number         0  dl_opa.o ABSOLUTE
    dl_rtc_common.c                          0x00000000   Number         0  dl_rtc_common.o ABSOLUTE
    dl_spi.c                                 0x00000000   Number         0  dl_spi.o ABSOLUTE
    dl_timer.c                               0x00000000   Number         0  dl_timer.o ABSOLUTE
    dl_trng.c                                0x00000000   Number         0  dl_trng.o ABSOLUTE
    dl_uart.c                                0x00000000   Number         0  dl_uart.o ABSOLUTE
    dl_vref.c                                0x00000000   Number         0  dl_vref.o ABSOLUTE
    empty.c                                  0x00000000   Number         0  empty.o ABSOLUTE
    oled.c                                   0x00000000   Number         0  oled.o ABSOLUTE
    pid.c                                    0x00000000   Number         0  pid.o ABSOLUTE
    startup_mspm0g350x_uvision.s             0x00000000   Number         0  startup_mspm0g350x_uvision.o ABSOLUTE
    ti_msp_dl_config.c                       0x00000000   Number         0  ti_msp_dl_config.o ABSOLUTE
    RESET                                    0x00000000   Section      192  startup_mspm0g350x_uvision.o(RESET)
    !!!main                                  0x000000c0   Section        8  __main.o(!!!main)
    !!!scatter                               0x000000c8   Section       84  __scatter.o(!!!scatter)
    !!handler_copy                           0x00000120   Section       26  __scatter_copy.o(!!handler_copy)
    !!handler_null                           0x00000140   Section        2  __scatter.o(!!handler_null)
    !!handler_zi                             0x00000148   Section       28  __scatter_zi.o(!!handler_zi)
    .ARM.Collect$$_printf_percent$$00000000  0x00000164   Section        2  _printf_percent.o(.ARM.Collect$$_printf_percent$$00000000)
    .ARM.Collect$$_printf_percent$$00000009  0x00000166   Section       10  _printf_d.o(.ARM.Collect$$_printf_percent$$00000009)
    .ARM.Collect$$_printf_percent$$00000017  0x00000170   Section        4  _printf_percent_end.o(.ARM.Collect$$_printf_percent$$00000017)
    .ARM.Collect$$libinit$$00000000          0x00000174   Section        2  libinit.o(.ARM.Collect$$libinit$$00000000)
    .ARM.Collect$$libinit$$00000002          0x00000176   Section        0  libinit2.o(.ARM.Collect$$libinit$$00000002)
    .ARM.Collect$$libinit$$00000004          0x00000176   Section        0  libinit2.o(.ARM.Collect$$libinit$$00000004)
    .ARM.Collect$$libinit$$00000006          0x00000176   Section        0  libinit2.o(.ARM.Collect$$libinit$$00000006)
    .ARM.Collect$$libinit$$0000000C          0x00000176   Section        0  libinit2.o(.ARM.Collect$$libinit$$0000000C)
    .ARM.Collect$$libinit$$0000000E          0x00000176   Section        0  libinit2.o(.ARM.Collect$$libinit$$0000000E)
    .ARM.Collect$$libinit$$00000010          0x00000176   Section        0  libinit2.o(.ARM.Collect$$libinit$$00000010)
    .ARM.Collect$$libinit$$00000013          0x00000176   Section        0  libinit2.o(.ARM.Collect$$libinit$$00000013)
    .ARM.Collect$$libinit$$00000015          0x00000176   Section        0  libinit2.o(.ARM.Collect$$libinit$$00000015)
    .ARM.Collect$$libinit$$00000017          0x00000176   Section        0  libinit2.o(.ARM.Collect$$libinit$$00000017)
    .ARM.Collect$$libinit$$00000019          0x00000176   Section        0  libinit2.o(.ARM.Collect$$libinit$$00000019)
    .ARM.Collect$$libinit$$0000001B          0x00000176   Section        0  libinit2.o(.ARM.Collect$$libinit$$0000001B)
    .ARM.Collect$$libinit$$0000001D          0x00000176   Section        0  libinit2.o(.ARM.Collect$$libinit$$0000001D)
    .ARM.Collect$$libinit$$0000001F          0x00000176   Section        0  libinit2.o(.ARM.Collect$$libinit$$0000001F)
    .ARM.Collect$$libinit$$00000021          0x00000176   Section        0  libinit2.o(.ARM.Collect$$libinit$$00000021)
    .ARM.Collect$$libinit$$00000023          0x00000176   Section        0  libinit2.o(.ARM.Collect$$libinit$$00000023)
    .ARM.Collect$$libinit$$00000025          0x00000176   Section        0  libinit2.o(.ARM.Collect$$libinit$$00000025)
    .ARM.Collect$$libinit$$00000027          0x00000176   Section        0  libinit2.o(.ARM.Collect$$libinit$$00000027)
    .ARM.Collect$$libinit$$0000002E          0x00000176   Section        0  libinit2.o(.ARM.Collect$$libinit$$0000002E)
    .ARM.Collect$$libinit$$00000030          0x00000176   Section        0  libinit2.o(.ARM.Collect$$libinit$$00000030)
    .ARM.Collect$$libinit$$00000032          0x00000176   Section        0  libinit2.o(.ARM.Collect$$libinit$$00000032)
    .ARM.Collect$$libinit$$00000034          0x00000176   Section        0  libinit2.o(.ARM.Collect$$libinit$$00000034)
    .ARM.Collect$$libinit$$00000035          0x00000176   Section        2  libinit2.o(.ARM.Collect$$libinit$$00000035)
    .ARM.Collect$$libshutdown$$00000000      0x00000178   Section        2  libshutdown.o(.ARM.Collect$$libshutdown$$00000000)
    .ARM.Collect$$libshutdown$$00000002      0x0000017a   Section        0  libshutdown2.o(.ARM.Collect$$libshutdown$$00000002)
    .ARM.Collect$$libshutdown$$00000004      0x0000017a   Section        0  libshutdown2.o(.ARM.Collect$$libshutdown$$00000004)
    .ARM.Collect$$libshutdown$$00000007      0x0000017a   Section        0  libshutdown2.o(.ARM.Collect$$libshutdown$$00000007)
    .ARM.Collect$$libshutdown$$0000000A      0x0000017a   Section        0  libshutdown2.o(.ARM.Collect$$libshutdown$$0000000A)
    .ARM.Collect$$libshutdown$$0000000C      0x0000017a   Section        0  libshutdown2.o(.ARM.Collect$$libshutdown$$0000000C)
    .ARM.Collect$$libshutdown$$0000000F      0x0000017a   Section        0  libshutdown2.o(.ARM.Collect$$libshutdown$$0000000F)
    .ARM.Collect$$libshutdown$$00000010      0x0000017a   Section        2  libshutdown2.o(.ARM.Collect$$libshutdown$$00000010)
    .ARM.Collect$$rtentry$$00000000          0x0000017c   Section        0  __rtentry.o(.ARM.Collect$$rtentry$$00000000)
    .ARM.Collect$$rtentry$$00000002          0x0000017c   Section        0  __rtentry2.o(.ARM.Collect$$rtentry$$00000002)
    .ARM.Collect$$rtentry$$00000004          0x0000017c   Section        6  __rtentry4.o(.ARM.Collect$$rtentry$$00000004)
    .ARM.Collect$$rtentry$$00000009          0x00000182   Section        0  __rtentry2.o(.ARM.Collect$$rtentry$$00000009)
    .ARM.Collect$$rtentry$$0000000A          0x00000182   Section        4  __rtentry2.o(.ARM.Collect$$rtentry$$0000000A)
    .ARM.Collect$$rtentry$$0000000C          0x00000186   Section        0  __rtentry2.o(.ARM.Collect$$rtentry$$0000000C)
    .ARM.Collect$$rtentry$$0000000D          0x00000186   Section        8  __rtentry2.o(.ARM.Collect$$rtentry$$0000000D)
    .ARM.Collect$$rtexit$$00000000           0x0000018e   Section        2  rtexit.o(.ARM.Collect$$rtexit$$00000000)
    .ARM.Collect$$rtexit$$00000002           0x00000190   Section        0  rtexit2.o(.ARM.Collect$$rtexit$$00000002)
    .ARM.Collect$$rtexit$$00000003           0x00000190   Section        4  rtexit2.o(.ARM.Collect$$rtexit$$00000003)
    .ARM.Collect$$rtexit$$00000004           0x00000194   Section        6  rtexit2.o(.ARM.Collect$$rtexit$$00000004)
    .text                                    0x0000019c   Section       44  startup_mspm0g350x_uvision.o(.text)
    .text                                    0x000001c8   Section        0  noretval__2sprintf.o(.text)
    .text                                    0x000001f0   Section        0  __printf.o(.text)
    .text                                    0x0000025c   Section        0  _printf_dec.o(.text)
    .text                                    0x000002c8   Section        0  puts.o(.text)
    .text                                    0x000002f4   Section        0  heapauxi.o(.text)
    .text                                    0x000002fc   Section        0  fdiv.o(.text)
    .text                                    0x0000045c   Section        0  ffixi.o(.text)
    .text                                    0x000004a8   Section        0  ffixui.o(.text)
    .text                                    0x000004d8   Section        0  fflti.o(.text)
    .text                                    0x00000536   Section        0  _printf_intcommon.o(.text)
    _printf_input_char                       0x000005e9   Thumb Code    10  _printf_char_common.o(.text)
    .text                                    0x000005e8   Section        0  _printf_char_common.o(.text)
    .text                                    0x00000618   Section        0  _sputc.o(.text)
    .text                                    0x00000622   Section        0  rtudiv10.o(.text)
    .text                                    0x0000064c   Section        0  fcmpin.o(.text)
    .text                                    0x000006b0   Section       62  sys_stackheap_outer.o(.text)
    .text                                    0x000006ee   Section        0  exit.o(.text)
    .text                                    0x000006fe   Section        0  cmpret.o(.text)
    .text                                    0x0000072c   Section        0  fnan2.o(.text)
    .text                                    0x0000073c   Section        8  libspace.o(.text)
    .text                                    0x00000744   Section        0  retnan.o(.text)
    [Anonymous Symbol]                       0x000007a2   Section        0  dl_common.o(.text.DL_Common_delayCycles)
    [Anonymous Symbol]                       0x000007ac   Section        0  dl_timer.o(.text.DL_TimerA_initPWMMode)
    __arm_cp.31_0                            0x00000824   Number         4  dl_timer.o(.text.DL_TimerA_initPWMMode)
    __arm_cp.31_1                            0x00000828   Number         4  dl_timer.o(.text.DL_TimerA_initPWMMode)
    __arm_cp.31_2                            0x0000082c   Number         4  dl_timer.o(.text.DL_TimerA_initPWMMode)
    [Anonymous Symbol]                       0x00000830   Section        0  dl_timer.o(.text.DL_Timer_initPWMMode)
    __arm_cp.11_0                            0x000008ec   Number         4  dl_timer.o(.text.DL_Timer_initPWMMode)
    __arm_cp.11_4                            0x000008f0   Number         4  dl_timer.o(.text.DL_Timer_initPWMMode)
    __arm_cp.11_5                            0x000008f4   Number         4  dl_timer.o(.text.DL_Timer_initPWMMode)
    __arm_cp.11_6                            0x000008f8   Number         4  dl_timer.o(.text.DL_Timer_initPWMMode)
    __arm_cp.11_7                            0x000008fc   Number         4  dl_timer.o(.text.DL_Timer_initPWMMode)
    __arm_cp.11_9                            0x00000900   Number         4  dl_timer.o(.text.DL_Timer_initPWMMode)
    [Anonymous Symbol]                       0x00000904   Section        0  dl_timer.o(.text.DL_Timer_initTimerMode)
    __arm_cp.2_0                             0x000009e4   Number         4  dl_timer.o(.text.DL_Timer_initTimerMode)
    __arm_cp.2_2                             0x000009e8   Number         4  dl_timer.o(.text.DL_Timer_initTimerMode)
    __arm_cp.2_3                             0x000009ec   Number         4  dl_timer.o(.text.DL_Timer_initTimerMode)
    [Anonymous Symbol]                       0x000009f0   Section        0  dl_timer.o(.text.DL_Timer_setCaptCompUpdateMethod)
    __arm_cp.18_0                            0x00000a08   Number         4  dl_timer.o(.text.DL_Timer_setCaptCompUpdateMethod)
    [Anonymous Symbol]                       0x00000a0c   Section        0  dl_timer.o(.text.DL_Timer_setCaptureCompareOutCtl)
    __arm_cp.13_0                            0x00000a20   Number         4  dl_timer.o(.text.DL_Timer_setCaptureCompareOutCtl)
    [Anonymous Symbol]                       0x00000a24   Section        0  dl_timer.o(.text.DL_Timer_setCaptureCompareValue)
    __arm_cp.3_0                             0x00000a30   Number         4  dl_timer.o(.text.DL_Timer_setCaptureCompareValue)
    [Anonymous Symbol]                       0x00000a34   Section        0  dl_timer.o(.text.DL_Timer_setClockConfig)
    __arm_cp.0_0                             0x00000a4c   Number         4  dl_timer.o(.text.DL_Timer_setClockConfig)
    [Anonymous Symbol]                       0x00000a50   Section        0  dl_uart.o(.text.DL_UART_init)
    __arm_cp.0_0                             0x00000a90   Number         4  dl_uart.o(.text.DL_UART_init)
    __arm_cp.0_1                             0x00000a94   Number         4  dl_uart.o(.text.DL_UART_init)
    [Anonymous Symbol]                       0x00000a98   Section        0  dl_uart.o(.text.DL_UART_setClockConfig)
    [Anonymous Symbol]                       0x00000aac   Section        0  oled.o(.text.OLED_Clear)
    __arm_cp.11_1                            0x00000ab8   Number         4  oled.o(.text.OLED_Clear)
    [Anonymous Symbol]                       0x00001100   Section        0  oled.o(.text.OLED_Init)
    __arm_cp.22_1                            0x000011ec   Number         4  oled.o(.text.OLED_Init)
    [Anonymous Symbol]                       0x0000183c   Section        0  oled.o(.text.OLED_Refresh)
    __arm_cp.10_0                            0x00001934   Number         4  oled.o(.text.OLED_Refresh)
    [Anonymous Symbol]                       0x00001938   Section        0  oled.o(.text.OLED_WR_Byte)
    __arm_cp.1_0                             0x000019d4   Number         4  oled.o(.text.OLED_WR_Byte)
    [Anonymous Symbol]                       0x000019d8   Section        0  ti_msp_dl_config.o(.text.SYSCFG_DL_GPIO_init)
    __arm_cp.2_0                             0x00001a34   Number         4  ti_msp_dl_config.o(.text.SYSCFG_DL_GPIO_init)
    __arm_cp.2_1                             0x00001a38   Number         4  ti_msp_dl_config.o(.text.SYSCFG_DL_GPIO_init)
    __arm_cp.2_2                             0x00001a3c   Number         4  ti_msp_dl_config.o(.text.SYSCFG_DL_GPIO_init)
    __arm_cp.2_3                             0x00001a40   Number         4  ti_msp_dl_config.o(.text.SYSCFG_DL_GPIO_init)
    __arm_cp.2_4                             0x00001a44   Number         4  ti_msp_dl_config.o(.text.SYSCFG_DL_GPIO_init)
    __arm_cp.2_5                             0x00001a48   Number         4  ti_msp_dl_config.o(.text.SYSCFG_DL_GPIO_init)
    __arm_cp.2_6                             0x00001a4c   Number         4  ti_msp_dl_config.o(.text.SYSCFG_DL_GPIO_init)
    __arm_cp.2_7                             0x00001a50   Number         4  ti_msp_dl_config.o(.text.SYSCFG_DL_GPIO_init)
    __arm_cp.2_8                             0x00001a54   Number         4  ti_msp_dl_config.o(.text.SYSCFG_DL_GPIO_init)
    [Anonymous Symbol]                       0x00001a58   Section        0  ti_msp_dl_config.o(.text.SYSCFG_DL_PWM_1_init)
    __arm_cp.5_0                             0x00001aa0   Number         4  ti_msp_dl_config.o(.text.SYSCFG_DL_PWM_1_init)
    __arm_cp.5_1                             0x00001aa4   Number         4  ti_msp_dl_config.o(.text.SYSCFG_DL_PWM_1_init)
    __arm_cp.5_2                             0x00001aa8   Number         4  ti_msp_dl_config.o(.text.SYSCFG_DL_PWM_1_init)
    __arm_cp.5_3                             0x00001aac   Number         4  ti_msp_dl_config.o(.text.SYSCFG_DL_PWM_1_init)
    [Anonymous Symbol]                       0x00001ab0   Section        0  ti_msp_dl_config.o(.text.SYSCFG_DL_PWM_init)
    __arm_cp.4_0                             0x00001af8   Number         4  ti_msp_dl_config.o(.text.SYSCFG_DL_PWM_init)
    __arm_cp.4_1                             0x00001afc   Number         4  ti_msp_dl_config.o(.text.SYSCFG_DL_PWM_init)
    __arm_cp.4_2                             0x00001b00   Number         4  ti_msp_dl_config.o(.text.SYSCFG_DL_PWM_init)
    __arm_cp.4_3                             0x00001b04   Number         4  ti_msp_dl_config.o(.text.SYSCFG_DL_PWM_init)
    [Anonymous Symbol]                       0x00001b08   Section        0  ti_msp_dl_config.o(.text.SYSCFG_DL_SYSCTL_init)
    __arm_cp.3_0                             0x00001b3c   Number         4  ti_msp_dl_config.o(.text.SYSCFG_DL_SYSCTL_init)
    __arm_cp.3_1                             0x00001b40   Number         4  ti_msp_dl_config.o(.text.SYSCFG_DL_SYSCTL_init)
    [Anonymous Symbol]                       0x00001b44   Section        0  ti_msp_dl_config.o(.text.SYSCFG_DL_SYSTICK_init)
    __arm_cp.9_0                             0x00001b5c   Number         4  ti_msp_dl_config.o(.text.SYSCFG_DL_SYSTICK_init)
    [Anonymous Symbol]                       0x00001b60   Section        0  ti_msp_dl_config.o(.text.SYSCFG_DL_TIMER_0_init)
    __arm_cp.6_0                             0x00001b90   Number         4  ti_msp_dl_config.o(.text.SYSCFG_DL_TIMER_0_init)
    __arm_cp.6_1                             0x00001b94   Number         4  ti_msp_dl_config.o(.text.SYSCFG_DL_TIMER_0_init)
    __arm_cp.6_2                             0x00001b98   Number         4  ti_msp_dl_config.o(.text.SYSCFG_DL_TIMER_0_init)
    __arm_cp.6_3                             0x00001b9c   Number         4  ti_msp_dl_config.o(.text.SYSCFG_DL_TIMER_0_init)
    __arm_cp.6_4                             0x00001ba0   Number         4  ti_msp_dl_config.o(.text.SYSCFG_DL_TIMER_0_init)
    __arm_cp.6_5                             0x00001ba4   Number         4  ti_msp_dl_config.o(.text.SYSCFG_DL_TIMER_0_init)
    [Anonymous Symbol]                       0x00001ba8   Section        0  ti_msp_dl_config.o(.text.SYSCFG_DL_UART_0_init)
    __arm_cp.7_0                             0x00001c10   Number         4  ti_msp_dl_config.o(.text.SYSCFG_DL_UART_0_init)
    __arm_cp.7_1                             0x00001c14   Number         4  ti_msp_dl_config.o(.text.SYSCFG_DL_UART_0_init)
    __arm_cp.7_2                             0x00001c18   Number         4  ti_msp_dl_config.o(.text.SYSCFG_DL_UART_0_init)
    __arm_cp.7_3                             0x00001c1c   Number         4  ti_msp_dl_config.o(.text.SYSCFG_DL_UART_0_init)
    __arm_cp.7_5                             0x00001c20   Number         4  ti_msp_dl_config.o(.text.SYSCFG_DL_UART_0_init)
    __arm_cp.7_6                             0x00001c24   Number         4  ti_msp_dl_config.o(.text.SYSCFG_DL_UART_0_init)
    [Anonymous Symbol]                       0x00001c28   Section        0  ti_msp_dl_config.o(.text.SYSCFG_DL_UART_1_init)
    __arm_cp.8_0                             0x00001c7c   Number         4  ti_msp_dl_config.o(.text.SYSCFG_DL_UART_1_init)
    __arm_cp.8_1                             0x00001c80   Number         4  ti_msp_dl_config.o(.text.SYSCFG_DL_UART_1_init)
    __arm_cp.8_2                             0x00001c84   Number         4  ti_msp_dl_config.o(.text.SYSCFG_DL_UART_1_init)
    __arm_cp.8_3                             0x00001c88   Number         4  ti_msp_dl_config.o(.text.SYSCFG_DL_UART_1_init)
    __arm_cp.8_4                             0x00001c8c   Number         4  ti_msp_dl_config.o(.text.SYSCFG_DL_UART_1_init)
    __arm_cp.8_5                             0x00001c90   Number         4  ti_msp_dl_config.o(.text.SYSCFG_DL_UART_1_init)
    [Anonymous Symbol]                       0x00001c94   Section        0  ti_msp_dl_config.o(.text.SYSCFG_DL_init)
    __arm_cp.0_0                             0x00001ccc   Number         4  ti_msp_dl_config.o(.text.SYSCFG_DL_init)
    __arm_cp.0_1                             0x00001cd0   Number         4  ti_msp_dl_config.o(.text.SYSCFG_DL_init)
    [Anonymous Symbol]                       0x00001cd4   Section        0  ti_msp_dl_config.o(.text.SYSCFG_DL_initPower)
    __arm_cp.1_0                             0x00001d10   Number         4  ti_msp_dl_config.o(.text.SYSCFG_DL_initPower)
    __arm_cp.1_1                             0x00001d14   Number         4  ti_msp_dl_config.o(.text.SYSCFG_DL_initPower)
    __arm_cp.1_2                             0x00001d18   Number         4  ti_msp_dl_config.o(.text.SYSCFG_DL_initPower)
    __arm_cp.1_3                             0x00001d1c   Number         4  ti_msp_dl_config.o(.text.SYSCFG_DL_initPower)
    __arm_cp.1_4                             0x00001d20   Number         4  ti_msp_dl_config.o(.text.SYSCFG_DL_initPower)
    __arm_cp.1_5                             0x00001d24   Number         4  ti_msp_dl_config.o(.text.SYSCFG_DL_initPower)
    __arm_cp.1_6                             0x00001d28   Number         4  ti_msp_dl_config.o(.text.SYSCFG_DL_initPower)
    __arm_cp.1_7                             0x00001d2c   Number         4  ti_msp_dl_config.o(.text.SYSCFG_DL_initPower)
    __arm_cp.1_8                             0x00001d30   Number         4  ti_msp_dl_config.o(.text.SYSCFG_DL_initPower)
    [Anonymous Symbol]                       0x00001d34   Section        0  oled.o(.text.Send_Byte)
    __arm_cp.7_0                             0x00001e3c   Number         4  oled.o(.text.Send_Byte)
    [Anonymous Symbol]                       0x00001e40   Section        0  bsp_sg90.o(.text.Set_Servo_Angle_x)
    __arm_cp.1_4                             0x00001e7c   Number         4  bsp_sg90.o(.text.Set_Servo_Angle_x)
    [Anonymous Symbol]                       0x00001e80   Section        0  bsp_sg90.o(.text.Set_Servo_Angle_y)
    __arm_cp.0_0                             0x00001ebc   Number         4  bsp_sg90.o(.text.Set_Servo_Angle_y)
    __arm_cp.0_2                             0x00001ec0   Number         4  bsp_sg90.o(.text.Set_Servo_Angle_y)
    __arm_cp.0_3                             0x00001ec4   Number         4  bsp_sg90.o(.text.Set_Servo_Angle_y)
    __arm_cp.0_4                             0x00001ec8   Number         4  bsp_sg90.o(.text.Set_Servo_Angle_y)
    [Anonymous Symbol]                       0x00001ecc   Section        0  empty.o(.text.TIMG0_IRQHandler)
    __arm_cp.2_0                             0x00001f60   Number         4  empty.o(.text.TIMG0_IRQHandler)
    __arm_cp.2_3                             0x00001f64   Number         4  empty.o(.text.TIMG0_IRQHandler)
    __arm_cp.2_5                             0x00001f68   Number         4  empty.o(.text.TIMG0_IRQHandler)
    [Anonymous Symbol]                       0x00001f6c   Section        0  board.o(.text.UART0_IRQHandler)
    __arm_cp.9_0                             0x00001fdc   Number         4  board.o(.text.UART0_IRQHandler)
    __arm_cp.9_1                             0x00001fe0   Number         4  board.o(.text.UART0_IRQHandler)
    __arm_cp.9_2                             0x00001fe4   Number         4  board.o(.text.UART0_IRQHandler)
    __arm_cp.9_3                             0x00001fe8   Number         4  board.o(.text.UART0_IRQHandler)
    __arm_cp.9_4                             0x00001fec   Number         4  board.o(.text.UART0_IRQHandler)
    __arm_cp.9_5                             0x00001ff0   Number         4  board.o(.text.UART0_IRQHandler)
    __arm_cp.9_6                             0x00001ff4   Number         4  board.o(.text.UART0_IRQHandler)
    [Anonymous Symbol]                       0x00001ff8   Section        0  board.o(.text._sys_exit)
    [Anonymous Symbol]                       0x00001ffc   Section        0  board.o(.text.board_init)
    __arm_cp.0_0                             0x00002018   Number         4  board.o(.text.board_init)
    __arm_cp.0_1                             0x0000201c   Number         4  board.o(.text.board_init)
    [Anonymous Symbol]                       0x00002040   Section        0  board.o(.text.delay_ms)
    [Anonymous Symbol]                       0x00002084   Section        0  board.o(.text.delay_us)
    __arm_cp.1_0                             0x000020c4   Number         4  board.o(.text.delay_us)
    [Anonymous Symbol]                       0x000020c8   Section        0  board.o(.text.fputc)
    __arm_cp.8_0                             0x000020e8   Number         4  board.o(.text.fputc)
    [Anonymous Symbol]                       0x000020ec   Section        0  empty.o(.text.main)
    __arm_cp.0_0                             0x000021c4   Number         4  empty.o(.text.main)
    __arm_cp.0_1                             0x000021c8   Number         4  empty.o(.text.main)
    __arm_cp.0_2                             0x000021cc   Number         4  empty.o(.text.main)
    __arm_cp.0_3                             0x000021d0   Number         4  empty.o(.text.main)
    __arm_cp.0_4                             0x000021d4   Number         4  empty.o(.text.main)
    __arm_cp.0_5                             0x000021d8   Number         4  empty.o(.text.main)
    __arm_cp.0_6                             0x000021dc   Number         4  empty.o(.text.main)
    __arm_cp.0_7                             0x000021e0   Number         4  empty.o(.text.main)
    __arm_cp.0_8                             0x000021e4   Number         4  empty.o(.text.main)
    __arm_cp.0_9                             0x000021e8   Number         4  empty.o(.text.main)
    __arm_cp.0_10                            0x000021ec   Number         4  empty.o(.text.main)
    [Anonymous Symbol]                       0x00002204   Section        0  pid.o(.text.pid_cal)
    __arm_cp.3_0                             0x00002340   Number         4  pid.o(.text.pid_cal)
    __arm_cp.3_1                             0x00002344   Number         4  pid.o(.text.pid_cal)
    __arm_cp.3_2                             0x00002348   Number         4  pid.o(.text.pid_cal)
    __arm_cp.3_3                             0x0000234c   Number         4  pid.o(.text.pid_cal)
    [Anonymous Symbol]                       0x00002350   Section        0  pid.o(.text.pid_init)
    i._fgeq                                  0x0000235e   Section        0  fcmp.o(i._fgeq)
    i._fgr                                   0x00002374   Section        0  fcmp.o(i._fgr)
    i._fleq                                  0x0000238a   Section        0  fcmp.o(i._fleq)
    i._fls                                   0x000023a4   Section        0  fcmp.o(i._fls)
    x$fpl$fadd                               0x000023bc   Section      140  faddsub.o(x$fpl$fadd)
    _fadd1                                   0x000023c9   Thumb Code     0  faddsub.o(x$fpl$fadd)
    x$fpl$fgeqf                              0x00002448   Section       84  fgef.o(x$fpl$fgeqf)
    x$fpl$fleqf                              0x0000249c   Section       84  flef.o(x$fpl$fleqf)
    x$fpl$fmul                               0x000024f0   Section      176  fmul.o(x$fpl$fmul)
    x$fpl$fsub                               0x000025a0   Section      208  faddsub.o(x$fpl$fsub)
    _fsub1                                   0x000025ad   Thumb Code     0  faddsub.o(x$fpl$fsub)
    fdiv_tab                                 0x00002670   Data          64  fdiv.o(.constdata)
    .constdata                               0x00002670   Section       64  fdiv.o(.constdata)
    x$fpl$usenofp                            0x00002670   Section        0  usenofp.o(x$fpl$usenofp)
    gPWMClockConfig                          0x000026b0   Data           3  ti_msp_dl_config.o(.rodata.gPWMClockConfig)
    [Anonymous Symbol]                       0x000026b0   Section        0  ti_msp_dl_config.o(.rodata.gPWMClockConfig)
    gPWMConfig                               0x000026b4   Data           8  ti_msp_dl_config.o(.rodata.gPWMConfig)
    [Anonymous Symbol]                       0x000026b4   Section        0  ti_msp_dl_config.o(.rodata.gPWMConfig)
    gPWM_1ClockConfig                        0x000026bc   Data           3  ti_msp_dl_config.o(.rodata.gPWM_1ClockConfig)
    [Anonymous Symbol]                       0x000026bc   Section        0  ti_msp_dl_config.o(.rodata.gPWM_1ClockConfig)
    gPWM_1Config                             0x000026c0   Data           8  ti_msp_dl_config.o(.rodata.gPWM_1Config)
    [Anonymous Symbol]                       0x000026c0   Section        0  ti_msp_dl_config.o(.rodata.gPWM_1Config)
    gTIMER_0ClockConfig                      0x000026c8   Data           3  ti_msp_dl_config.o(.rodata.gTIMER_0ClockConfig)
    [Anonymous Symbol]                       0x000026c8   Section        0  ti_msp_dl_config.o(.rodata.gTIMER_0ClockConfig)
    gTIMER_0TimerConfig                      0x000026cc   Data          20  ti_msp_dl_config.o(.rodata.gTIMER_0TimerConfig)
    [Anonymous Symbol]                       0x000026cc   Section        0  ti_msp_dl_config.o(.rodata.gTIMER_0TimerConfig)
    gUART_0ClockConfig                       0x000026e0   Data           2  ti_msp_dl_config.o(.rodata.gUART_0ClockConfig)
    [Anonymous Symbol]                       0x000026e0   Section        0  ti_msp_dl_config.o(.rodata.gUART_0ClockConfig)
    gUART_0Config                            0x000026e2   Data          10  ti_msp_dl_config.o(.rodata.gUART_0Config)
    [Anonymous Symbol]                       0x000026e2   Section        0  ti_msp_dl_config.o(.rodata.gUART_0Config)
    gUART_1ClockConfig                       0x000026ec   Data           2  ti_msp_dl_config.o(.rodata.gUART_1ClockConfig)
    [Anonymous Symbol]                       0x000026ec   Section        0  ti_msp_dl_config.o(.rodata.gUART_1ClockConfig)
    gUART_1Config                            0x000026ee   Data          10  ti_msp_dl_config.o(.rodata.gUART_1Config)
    [Anonymous Symbol]                       0x000026ee   Section        0  ti_msp_dl_config.o(.rodata.gUART_1Config)
    servo_x                                  0x20200000   Data           4  empty.o(.data.servo_x)
    [Anonymous Symbol]                       0x20200000   Section        0  empty.o(.data.servo_x)
    servo_y                                  0x20200004   Data           4  empty.o(.data.servo_y)
    [Anonymous Symbol]                       0x20200004   Section        0  empty.o(.data.servo_y)
    .bss                                     0x20200008   Section       96  libspace.o(.bss)
    idx                                      0x20200678   Data           1  board.o(.bss.idx)
    [Anonymous Symbol]                       0x20200678   Section        0  board.o(.bss.idx)
    rxBuf                                    0x202006ec   Data           7  board.o(.bss.rxBuf)
    [Anonymous Symbol]                       0x202006ec   Section        0  board.o(.bss.rxBuf)
    Heap_Mem                                 0x20200760   Data           0  startup_mspm0g350x_uvision.o(HEAP)
    Stack_Mem                                0x20200760   Data         256  startup_mspm0g350x_uvision.o(STACK)
    HEAP                                     0x20200760   Section        0  startup_mspm0g350x_uvision.o(HEAP)
    STACK                                    0x20200760   Section      256  startup_mspm0g350x_uvision.o(STACK)
    __initial_sp                             0x20200860   Data           0  startup_mspm0g350x_uvision.o(STACK)

    Global Symbols

    Symbol Name                              Value     Ov Type        Size  Object(Section)

    BuildAttributes$$THM_ISAv3M$S$PE$A:L22$X:L11$S22$IEEE1$IW$~IW$USESV6$~STKCKD$USESV7$~SHL$OTIME$ROPI$EBA8$UX$STANDARDLIB$REQ8$PRES8$EABIv2 0x00000000   Number         0  anon$$obj.o ABSOLUTE
    __Vectors                                0x00000000   Data           4  startup_mspm0g350x_uvision.o(RESET)
    __ARM_exceptions_init                     - Undefined Weak Reference
    __alloca_initialize                       - Undefined Weak Reference
    __arm_preinit_                            - Undefined Weak Reference
    __arm_relocate_pie_                       - Undefined Weak Reference
    __cpp_initialize__aeabi_                  - Undefined Weak Reference
    __cxa_finalize                            - Undefined Weak Reference
    __rt_locale                               - Undefined Weak Reference
    __sigvec_lookup                           - Undefined Weak Reference
    _atexit_init                              - Undefined Weak Reference
    _call_atexit_fns                          - Undefined Weak Reference
    _clock_init                               - Undefined Weak Reference
    _fp_trap_init                             - Undefined Weak Reference
    _fp_trap_shutdown                         - Undefined Weak Reference
    _get_lc_collate                           - Undefined Weak Reference
    _get_lc_ctype                             - Undefined Weak Reference
    _get_lc_monetary                          - Undefined Weak Reference
    _get_lc_numeric                           - Undefined Weak Reference
    _get_lc_time                              - Undefined Weak Reference
    _getenv_init                              - Undefined Weak Reference
    _handle_redirection                       - Undefined Weak Reference
    _init_alloc                               - Undefined Weak Reference
    _init_user_alloc                          - Undefined Weak Reference
    _initio                                   - Undefined Weak Reference
    _printf_post_padding                      - Undefined Weak Reference
    _printf_pre_padding                       - Undefined Weak Reference
    _printf_truncate_signed                   - Undefined Weak Reference
    _printf_truncate_unsigned                 - Undefined Weak Reference
    _rand_init                                - Undefined Weak Reference
    _signal_finish                            - Undefined Weak Reference
    _signal_init                              - Undefined Weak Reference
    _terminate_alloc                          - Undefined Weak Reference
    _terminate_user_alloc                     - Undefined Weak Reference
    _terminateio                              - Undefined Weak Reference
    __Vectors_End                            0x000000c0   Data           0  startup_mspm0g350x_uvision.o(RESET)
    __Vectors_Size                           0x000000c0   Number         0  startup_mspm0g350x_uvision.o ABSOLUTE
    __main                                   0x000000c1   Thumb Code     8  __main.o(!!!main)
    __scatterload                            0x000000c9   Thumb Code     0  __scatter.o(!!!scatter)
    __scatterload_rt2                        0x000000c9   Thumb Code    74  __scatter.o(!!!scatter)
    __scatterload_rt2_thumb_only             0x000000c9   Thumb Code     0  __scatter.o(!!!scatter)
    __scatterload_loop                       0x000000d3   Thumb Code     0  __scatter.o(!!!scatter)
    __scatterload_copy                       0x00000121   Thumb Code    26  __scatter_copy.o(!!handler_copy)
    __scatterload_null                       0x00000141   Thumb Code     2  __scatter.o(!!handler_null)
    __scatterload_zeroinit                   0x00000149   Thumb Code    28  __scatter_zi.o(!!handler_zi)
    _printf_percent                          0x00000165   Thumb Code     0  _printf_percent.o(.ARM.Collect$$_printf_percent$$00000000)
    _printf_d                                0x00000167   Thumb Code     0  _printf_d.o(.ARM.Collect$$_printf_percent$$00000009)
    _printf_percent_end                      0x00000171   Thumb Code     0  _printf_percent_end.o(.ARM.Collect$$_printf_percent$$00000017)
    __rt_lib_init                            0x00000175   Thumb Code     0  libinit.o(.ARM.Collect$$libinit$$00000000)
    __rt_lib_init_alloca_1                   0x00000177   Thumb Code     0  libinit2.o(.ARM.Collect$$libinit$$00000030)
    __rt_lib_init_argv_1                     0x00000177   Thumb Code     0  libinit2.o(.ARM.Collect$$libinit$$0000002E)
    __rt_lib_init_atexit_1                   0x00000177   Thumb Code     0  libinit2.o(.ARM.Collect$$libinit$$0000001D)
    __rt_lib_init_clock_1                    0x00000177   Thumb Code     0  libinit2.o(.ARM.Collect$$libinit$$00000023)
    __rt_lib_init_cpp_1                      0x00000177   Thumb Code     0  libinit2.o(.ARM.Collect$$libinit$$00000034)
    __rt_lib_init_exceptions_1               0x00000177   Thumb Code     0  libinit2.o(.ARM.Collect$$libinit$$00000032)
    __rt_lib_init_fp_1                       0x00000177   Thumb Code     0  libinit2.o(.ARM.Collect$$libinit$$00000002)
    __rt_lib_init_fp_trap_1                  0x00000177   Thumb Code     0  libinit2.o(.ARM.Collect$$libinit$$00000021)
    __rt_lib_init_getenv_1                   0x00000177   Thumb Code     0  libinit2.o(.ARM.Collect$$libinit$$00000025)
    __rt_lib_init_heap_1                     0x00000177   Thumb Code     0  libinit2.o(.ARM.Collect$$libinit$$0000000C)
    __rt_lib_init_lc_collate_1               0x00000177   Thumb Code     0  libinit2.o(.ARM.Collect$$libinit$$00000013)
    __rt_lib_init_lc_ctype_1                 0x00000177   Thumb Code     0  libinit2.o(.ARM.Collect$$libinit$$00000015)
    __rt_lib_init_lc_monetary_1              0x00000177   Thumb Code     0  libinit2.o(.ARM.Collect$$libinit$$00000017)
    __rt_lib_init_lc_numeric_1               0x00000177   Thumb Code     0  libinit2.o(.ARM.Collect$$libinit$$00000019)
    __rt_lib_init_lc_time_1                  0x00000177   Thumb Code     0  libinit2.o(.ARM.Collect$$libinit$$0000001B)
    __rt_lib_init_preinit_1                  0x00000177   Thumb Code     0  libinit2.o(.ARM.Collect$$libinit$$00000006)
    __rt_lib_init_rand_1                     0x00000177   Thumb Code     0  libinit2.o(.ARM.Collect$$libinit$$00000010)
    __rt_lib_init_relocate_pie_1             0x00000177   Thumb Code     0  libinit2.o(.ARM.Collect$$libinit$$00000004)
    __rt_lib_init_return                     0x00000177   Thumb Code     0  libinit2.o(.ARM.Collect$$libinit$$00000035)
    __rt_lib_init_signal_1                   0x00000177   Thumb Code     0  libinit2.o(.ARM.Collect$$libinit$$0000001F)
    __rt_lib_init_stdio_1                    0x00000177   Thumb Code     0  libinit2.o(.ARM.Collect$$libinit$$00000027)
    __rt_lib_init_user_alloc_1               0x00000177   Thumb Code     0  libinit2.o(.ARM.Collect$$libinit$$0000000E)
    __rt_lib_shutdown                        0x00000179   Thumb Code     0  libshutdown.o(.ARM.Collect$$libshutdown$$00000000)
    __rt_lib_shutdown_cpp_1                  0x0000017b   Thumb Code     0  libshutdown2.o(.ARM.Collect$$libshutdown$$00000002)
    __rt_lib_shutdown_fp_trap_1              0x0000017b   Thumb Code     0  libshutdown2.o(.ARM.Collect$$libshutdown$$00000007)
    __rt_lib_shutdown_heap_1                 0x0000017b   Thumb Code     0  libshutdown2.o(.ARM.Collect$$libshutdown$$0000000F)
    __rt_lib_shutdown_return                 0x0000017b   Thumb Code     0  libshutdown2.o(.ARM.Collect$$libshutdown$$00000010)
    __rt_lib_shutdown_signal_1               0x0000017b   Thumb Code     0  libshutdown2.o(.ARM.Collect$$libshutdown$$0000000A)
    __rt_lib_shutdown_stdio_1                0x0000017b   Thumb Code     0  libshutdown2.o(.ARM.Collect$$libshutdown$$00000004)
    __rt_lib_shutdown_user_alloc_1           0x0000017b   Thumb Code     0  libshutdown2.o(.ARM.Collect$$libshutdown$$0000000C)
    __rt_entry                               0x0000017d   Thumb Code     0  __rtentry.o(.ARM.Collect$$rtentry$$00000000)
    __rt_entry_presh_1                       0x0000017d   Thumb Code     0  __rtentry2.o(.ARM.Collect$$rtentry$$00000002)
    __rt_entry_sh                            0x0000017d   Thumb Code     0  __rtentry4.o(.ARM.Collect$$rtentry$$00000004)
    __rt_entry_li                            0x00000183   Thumb Code     0  __rtentry2.o(.ARM.Collect$$rtentry$$0000000A)
    __rt_entry_postsh_1                      0x00000183   Thumb Code     0  __rtentry2.o(.ARM.Collect$$rtentry$$00000009)
    __rt_entry_main                          0x00000187   Thumb Code     0  __rtentry2.o(.ARM.Collect$$rtentry$$0000000D)
    __rt_entry_postli_1                      0x00000187   Thumb Code     0  __rtentry2.o(.ARM.Collect$$rtentry$$0000000C)
    __rt_exit                                0x0000018f   Thumb Code     0  rtexit.o(.ARM.Collect$$rtexit$$00000000)
    __rt_exit_ls                             0x00000191   Thumb Code     0  rtexit2.o(.ARM.Collect$$rtexit$$00000003)
    __rt_exit_prels_1                        0x00000191   Thumb Code     0  rtexit2.o(.ARM.Collect$$rtexit$$00000002)
    __rt_exit_exit                           0x00000195   Thumb Code     0  rtexit2.o(.ARM.Collect$$rtexit$$00000004)
    Reset_Handler                            0x0000019d   Thumb Code     4  startup_mspm0g350x_uvision.o(.text)
    NMI_Handler                              0x000001a1   Thumb Code     2  startup_mspm0g350x_uvision.o(.text)
    HardFault_Handler                        0x000001a3   Thumb Code     2  startup_mspm0g350x_uvision.o(.text)
    SVC_Handler                              0x000001a5   Thumb Code     2  startup_mspm0g350x_uvision.o(.text)
    PendSV_Handler                           0x000001a7   Thumb Code     2  startup_mspm0g350x_uvision.o(.text)
    SysTick_Handler                          0x000001a9   Thumb Code     2  startup_mspm0g350x_uvision.o(.text)
    ADC0_IRQHandler                          0x000001ab   Thumb Code     0  startup_mspm0g350x_uvision.o(.text)
    ADC1_IRQHandler                          0x000001ab   Thumb Code     0  startup_mspm0g350x_uvision.o(.text)
    AES_IRQHandler                           0x000001ab   Thumb Code     0  startup_mspm0g350x_uvision.o(.text)
    CANFD0_IRQHandler                        0x000001ab   Thumb Code     0  startup_mspm0g350x_uvision.o(.text)
    DAC0_IRQHandler                          0x000001ab   Thumb Code     0  startup_mspm0g350x_uvision.o(.text)
    DMA_IRQHandler                           0x000001ab   Thumb Code     0  startup_mspm0g350x_uvision.o(.text)
    Default_Handler                          0x000001ab   Thumb Code     2  startup_mspm0g350x_uvision.o(.text)
    GROUP0_IRQHandler                        0x000001ab   Thumb Code     0  startup_mspm0g350x_uvision.o(.text)
    GROUP1_IRQHandler                        0x000001ab   Thumb Code     0  startup_mspm0g350x_uvision.o(.text)
    I2C0_IRQHandler                          0x000001ab   Thumb Code     0  startup_mspm0g350x_uvision.o(.text)
    I2C1_IRQHandler                          0x000001ab   Thumb Code     0  startup_mspm0g350x_uvision.o(.text)
    RTC_IRQHandler                           0x000001ab   Thumb Code     0  startup_mspm0g350x_uvision.o(.text)
    SPI0_IRQHandler                          0x000001ab   Thumb Code     0  startup_mspm0g350x_uvision.o(.text)
    SPI1_IRQHandler                          0x000001ab   Thumb Code     0  startup_mspm0g350x_uvision.o(.text)
    TIMA0_IRQHandler                         0x000001ab   Thumb Code     0  startup_mspm0g350x_uvision.o(.text)
    TIMA1_IRQHandler                         0x000001ab   Thumb Code     0  startup_mspm0g350x_uvision.o(.text)
    TIMG12_IRQHandler                        0x000001ab   Thumb Code     0  startup_mspm0g350x_uvision.o(.text)
    TIMG6_IRQHandler                         0x000001ab   Thumb Code     0  startup_mspm0g350x_uvision.o(.text)
    TIMG7_IRQHandler                         0x000001ab   Thumb Code     0  startup_mspm0g350x_uvision.o(.text)
    TIMG8_IRQHandler                         0x000001ab   Thumb Code     0  startup_mspm0g350x_uvision.o(.text)
    UART1_IRQHandler                         0x000001ab   Thumb Code     0  startup_mspm0g350x_uvision.o(.text)
    UART2_IRQHandler                         0x000001ab   Thumb Code     0  startup_mspm0g350x_uvision.o(.text)
    UART3_IRQHandler                         0x000001ab   Thumb Code     0  startup_mspm0g350x_uvision.o(.text)
    __user_initial_stackheap                 0x000001ad   Thumb Code    10  startup_mspm0g350x_uvision.o(.text)
    __2sprintf                               0x000001c9   Thumb Code    36  noretval__2sprintf.o(.text)
    __printf                                 0x000001f1   Thumb Code   108  __printf.o(.text)
    _printf_int_dec                          0x0000025d   Thumb Code    90  _printf_dec.o(.text)
    puts                                     0x000002c9   Thumb Code    38  puts.o(.text)
    __use_two_region_memory                  0x000002f5   Thumb Code     2  heapauxi.o(.text)
    __rt_heap_escrow$2region                 0x000002f7   Thumb Code     2  heapauxi.o(.text)
    __rt_heap_expand$2region                 0x000002f9   Thumb Code     2  heapauxi.o(.text)
    __aeabi_fdiv                             0x000002fd   Thumb Code     0  fdiv.o(.text)
    __divsf3                                 0x000002fd   Thumb Code     0  fdiv.o(.text)
    _fdiv                                    0x000002fd   Thumb Code   334  fdiv.o(.text)
    _frdiv                                   0x0000044b   Thumb Code     8  fdiv.o(.text)
    __aeabi_f2iz                             0x0000045d   Thumb Code     0  ffixi.o(.text)
    _ffix                                    0x0000045d   Thumb Code    76  ffixi.o(.text)
    __aeabi_f2uiz                            0x000004a9   Thumb Code     0  ffixui.o(.text)
    _ffixu                                   0x000004a9   Thumb Code    48  ffixui.o(.text)
    __aeabi_i2f_normalise                    0x000004d9   Thumb Code    72  fflti.o(.text)
    __aeabi_i2f                              0x00000521   Thumb Code    16  fflti.o(.text)
    _fflt                                    0x00000521   Thumb Code     0  fflti.o(.text)
    __aeabi_ui2f                             0x00000531   Thumb Code     6  fflti.o(.text)
    _ffltu                                   0x00000531   Thumb Code     0  fflti.o(.text)
    _printf_int_common                       0x00000537   Thumb Code   176  _printf_intcommon.o(.text)
    _printf_char_common                      0x000005f3   Thumb Code    32  _printf_char_common.o(.text)
    _sputc                                   0x00000619   Thumb Code    10  _sputc.o(.text)
    __rt_udiv10                              0x00000623   Thumb Code    40  rtudiv10.o(.text)
    __fpl_fcmp_InfNaN                        0x0000064d   Thumb Code    96  fcmpin.o(.text)
    __user_setup_stackheap                   0x000006b1   Thumb Code    62  sys_stackheap_outer.o(.text)
    exit                                     0x000006ef   Thumb Code    16  exit.o(.text)
    __fpl_cmpreturn                          0x000006ff   Thumb Code    46  cmpret.o(.text)
    __fpl_fcheck_NaN2                        0x0000072d   Thumb Code    10  fnan2.o(.text)
    __user_libspace                          0x0000073d   Thumb Code     8  libspace.o(.text)
    __user_perproc_libspace                  0x0000073d   Thumb Code     0  libspace.o(.text)
    __user_perthread_libspace                0x0000073d   Thumb Code     0  libspace.o(.text)
    __fpl_return_NaN                         0x00000745   Thumb Code    94  retnan.o(.text)
    DL_Common_delayCycles                    0x000007a3   Thumb Code    10  dl_common.o(.text.DL_Common_delayCycles)
    DL_TimerA_initPWMMode                    0x000007ad   Thumb Code   120  dl_timer.o(.text.DL_TimerA_initPWMMode)
    DL_Timer_initPWMMode                     0x00000831   Thumb Code   188  dl_timer.o(.text.DL_Timer_initPWMMode)
    DL_Timer_initTimerMode                   0x00000905   Thumb Code   224  dl_timer.o(.text.DL_Timer_initTimerMode)
    DL_Timer_setCaptCompUpdateMethod         0x000009f1   Thumb Code    24  dl_timer.o(.text.DL_Timer_setCaptCompUpdateMethod)
    DL_Timer_setCaptureCompareOutCtl         0x00000a0d   Thumb Code    20  dl_timer.o(.text.DL_Timer_setCaptureCompareOutCtl)
    DL_Timer_setCaptureCompareValue          0x00000a25   Thumb Code    12  dl_timer.o(.text.DL_Timer_setCaptureCompareValue)
    DL_Timer_setClockConfig                  0x00000a35   Thumb Code    24  dl_timer.o(.text.DL_Timer_setClockConfig)
    DL_UART_init                             0x00000a51   Thumb Code    64  dl_uart.o(.text.DL_UART_init)
    DL_UART_setClockConfig                   0x00000a99   Thumb Code    18  dl_uart.o(.text.DL_UART_setClockConfig)
    OLED_Clear                               0x00000aad   Thumb Code  1620  oled.o(.text.OLED_Clear)
    OLED_Init                                0x00001101   Thumb Code  1852  oled.o(.text.OLED_Init)
    OLED_Refresh                             0x0000183d   Thumb Code   248  oled.o(.text.OLED_Refresh)
    OLED_WR_Byte                             0x00001939   Thumb Code   156  oled.o(.text.OLED_WR_Byte)
    SYSCFG_DL_GPIO_init                      0x000019d9   Thumb Code    92  ti_msp_dl_config.o(.text.SYSCFG_DL_GPIO_init)
    SYSCFG_DL_PWM_1_init                     0x00001a59   Thumb Code    72  ti_msp_dl_config.o(.text.SYSCFG_DL_PWM_1_init)
    SYSCFG_DL_PWM_init                       0x00001ab1   Thumb Code    72  ti_msp_dl_config.o(.text.SYSCFG_DL_PWM_init)
    SYSCFG_DL_SYSCTL_init                    0x00001b09   Thumb Code    52  ti_msp_dl_config.o(.text.SYSCFG_DL_SYSCTL_init)
    SYSCFG_DL_SYSTICK_init                   0x00001b45   Thumb Code    24  ti_msp_dl_config.o(.text.SYSCFG_DL_SYSTICK_init)
    SYSCFG_DL_TIMER_0_init                   0x00001b61   Thumb Code    48  ti_msp_dl_config.o(.text.SYSCFG_DL_TIMER_0_init)
    SYSCFG_DL_UART_0_init                    0x00001ba9   Thumb Code   104  ti_msp_dl_config.o(.text.SYSCFG_DL_UART_0_init)
    SYSCFG_DL_UART_1_init                    0x00001c29   Thumb Code    84  ti_msp_dl_config.o(.text.SYSCFG_DL_UART_1_init)
    SYSCFG_DL_init                           0x00001c95   Thumb Code    56  ti_msp_dl_config.o(.text.SYSCFG_DL_init)
    SYSCFG_DL_initPower                      0x00001cd5   Thumb Code    60  ti_msp_dl_config.o(.text.SYSCFG_DL_initPower)
    Send_Byte                                0x00001d35   Thumb Code   264  oled.o(.text.Send_Byte)
    Set_Servo_Angle_x                        0x00001e41   Thumb Code    60  bsp_sg90.o(.text.Set_Servo_Angle_x)
    Set_Servo_Angle_y                        0x00001e81   Thumb Code    60  bsp_sg90.o(.text.Set_Servo_Angle_y)
    TIMG0_IRQHandler                         0x00001ecd   Thumb Code   148  empty.o(.text.TIMG0_IRQHandler)
    UART0_IRQHandler                         0x00001f6d   Thumb Code   112  board.o(.text.UART0_IRQHandler)
    _sys_exit                                0x00001ff9   Thumb Code     2  board.o(.text._sys_exit)
    board_init                               0x00001ffd   Thumb Code    28  board.o(.text.board_init)
    delay_ms                                 0x00002041   Thumb Code    68  board.o(.text.delay_ms)
    delay_us                                 0x00002085   Thumb Code    64  board.o(.text.delay_us)
    fputc                                    0x000020c9   Thumb Code    32  board.o(.text.fputc)
    main                                     0x000020ed   Thumb Code   216  empty.o(.text.main)
    pid_cal                                  0x00002205   Thumb Code   316  pid.o(.text.pid_cal)
    pid_init                                 0x00002351   Thumb Code    14  pid.o(.text.pid_init)
    __aeabi_fcmpge                           0x0000235f   Thumb Code     0  fcmp.o(i._fgeq)
    _fgeq                                    0x0000235f   Thumb Code    22  fcmp.o(i._fgeq)
    __aeabi_fcmpgt                           0x00002375   Thumb Code     0  fcmp.o(i._fgr)
    _fgr                                     0x00002375   Thumb Code    22  fcmp.o(i._fgr)
    __aeabi_fcmple                           0x0000238b   Thumb Code     0  fcmp.o(i._fleq)
    _fleq                                    0x0000238b   Thumb Code    26  fcmp.o(i._fleq)
    __aeabi_fcmplt                           0x000023a5   Thumb Code     0  fcmp.o(i._fls)
    _fls                                     0x000023a5   Thumb Code    22  fcmp.o(i._fls)
    __aeabi_fadd                             0x000023bd   Thumb Code     0  faddsub.o(x$fpl$fadd)
    _fadd                                    0x000023bd   Thumb Code   134  faddsub.o(x$fpl$fadd)
    _fcmpge                                  0x00002449   Thumb Code    78  fgef.o(x$fpl$fgeqf)
    __aeabi_cfcmple                          0x0000249d   Thumb Code     0  flef.o(x$fpl$fleqf)
    _fcmple                                  0x0000249d   Thumb Code    78  flef.o(x$fpl$fleqf)
    __aeabi_fmul                             0x000024f1   Thumb Code     0  fmul.o(x$fpl$fmul)
    _fmul                                    0x000024f1   Thumb Code   172  fmul.o(x$fpl$fmul)
    __aeabi_fsub                             0x000025a1   Thumb Code     0  faddsub.o(x$fpl$fsub)
    _fsub                                    0x000025a1   Thumb Code   204  faddsub.o(x$fpl$fsub)
    __I$use$fp                               0x00002670   Number         0  usenofp.o(x$fpl$usenofp)
    Region$$Table$$Base                      0x000026f8   Number         0  anon$$obj.o(Region$$Table)
    Region$$Table$$Limit                     0x00002718   Number         0  anon$$obj.o(Region$$Table)
    __libspace_start                         0x20200008   Data          96  libspace.o(.bss)
    OLED_GRAM                                0x20200068   Data        1152  oled.o(.bss.OLED_GRAM)
    __temporary_stack_top$libspace           0x20200068   Data           0  libspace.o(.bss)
    Servo_Angle                              0x202004e8   Data           4  bsp_sg90.o(.bss.Servo_Angle)
    __stdout                                 0x202004ec   Data          84  board.o(.bss.__stdout)
    frame_ok                                 0x20200540   Data           1  board.o(.bss.frame_ok)
    gPWMBackup                               0x20200544   Data         120  ti_msp_dl_config.o(.bss.gPWMBackup)
    gPWM_1Backup                             0x202005bc   Data         188  ti_msp_dl_config.o(.bss.gPWM_1Backup)
    motorA                                   0x2020067c   Data          56  pid.o(.bss.motorA)
    motorB                                   0x202006b4   Data          56  pid.o(.bss.motorB)
    target_x                                 0x202006f4   Data           2  board.o(.bss.target_x)
    target_y                                 0x202006f6   Data           2  board.o(.bss.target_y)
    uart_send                                0x202006f8   Data         100  empty.o(.bss.uart_send)



==============================================================================

Memory Map of the image

  Image Entry point : 0x000000c1

  Load Region LR_IROM1 (Base: 0x00000000, Size: 0x00002720, Max: 0x00020000, ABSOLUTE)

    Execution Region ER_IROM1 (Exec base: 0x00000000, Load base: 0x00000000, Size: 0x00002718, Max: 0x00020000, ABSOLUTE)

    Exec Addr    Load Addr    Size         Type   Attr      Idx    E Section Name        Object

    0x00000000   0x00000000   0x000000c0   Data   RO           27    RESET               startup_mspm0g350x_uvision.o
    0x000000c0   0x000000c0   0x00000008   Code   RO          966  * !!!main             c_p.l(__main.o)
    0x000000c8   0x000000c8   0x00000054   Code   RO         1206    !!!scatter          c_p.l(__scatter.o)
    0x0000011c   0x0000011c   0x00000004   PAD
    0x00000120   0x00000120   0x0000001a   Code   RO         1210    !!handler_copy      c_p.l(__scatter_copy.o)
    0x0000013a   0x0000013a   0x00000006   PAD
    0x00000140   0x00000140   0x00000002   Code   RO         1207    !!handler_null      c_p.l(__scatter.o)
    0x00000142   0x00000142   0x00000006   PAD
    0x00000148   0x00000148   0x0000001c   Code   RO         1212    !!handler_zi        c_p.l(__scatter_zi.o)
    0x00000164   0x00000164   0x00000002   Code   RO          953    .ARM.Collect$$_printf_percent$$00000000  c_p.l(_printf_percent.o)
    0x00000166   0x00000166   0x0000000a   Code   RO          952    .ARM.Collect$$_printf_percent$$00000009  c_p.l(_printf_d.o)
    0x00000170   0x00000170   0x00000004   Code   RO         1020    .ARM.Collect$$_printf_percent$$00000017  c_p.l(_printf_percent_end.o)
    0x00000174   0x00000174   0x00000002   Code   RO         1065    .ARM.Collect$$libinit$$00000000  c_p.l(libinit.o)
    0x00000176   0x00000176   0x00000000   Code   RO         1083    .ARM.Collect$$libinit$$00000002  c_p.l(libinit2.o)
    0x00000176   0x00000176   0x00000000   Code   RO         1085    .ARM.Collect$$libinit$$00000004  c_p.l(libinit2.o)
    0x00000176   0x00000176   0x00000000   Code   RO         1087    .ARM.Collect$$libinit$$00000006  c_p.l(libinit2.o)
    0x00000176   0x00000176   0x00000000   Code   RO         1090    .ARM.Collect$$libinit$$0000000C  c_p.l(libinit2.o)
    0x00000176   0x00000176   0x00000000   Code   RO         1092    .ARM.Collect$$libinit$$0000000E  c_p.l(libinit2.o)
    0x00000176   0x00000176   0x00000000   Code   RO         1094    .ARM.Collect$$libinit$$00000010  c_p.l(libinit2.o)
    0x00000176   0x00000176   0x00000000   Code   RO         1097    .ARM.Collect$$libinit$$00000013  c_p.l(libinit2.o)
    0x00000176   0x00000176   0x00000000   Code   RO         1099    .ARM.Collect$$libinit$$00000015  c_p.l(libinit2.o)
    0x00000176   0x00000176   0x00000000   Code   RO         1101    .ARM.Collect$$libinit$$00000017  c_p.l(libinit2.o)
    0x00000176   0x00000176   0x00000000   Code   RO         1103    .ARM.Collect$$libinit$$00000019  c_p.l(libinit2.o)
    0x00000176   0x00000176   0x00000000   Code   RO         1105    .ARM.Collect$$libinit$$0000001B  c_p.l(libinit2.o)
    0x00000176   0x00000176   0x00000000   Code   RO         1107    .ARM.Collect$$libinit$$0000001D  c_p.l(libinit2.o)
    0x00000176   0x00000176   0x00000000   Code   RO         1109    .ARM.Collect$$libinit$$0000001F  c_p.l(libinit2.o)
    0x00000176   0x00000176   0x00000000   Code   RO         1111    .ARM.Collect$$libinit$$00000021  c_p.l(libinit2.o)
    0x00000176   0x00000176   0x00000000   Code   RO         1113    .ARM.Collect$$libinit$$00000023  c_p.l(libinit2.o)
    0x00000176   0x00000176   0x00000000   Code   RO         1115    .ARM.Collect$$libinit$$00000025  c_p.l(libinit2.o)
    0x00000176   0x00000176   0x00000000   Code   RO         1117    .ARM.Collect$$libinit$$00000027  c_p.l(libinit2.o)
    0x00000176   0x00000176   0x00000000   Code   RO         1121    .ARM.Collect$$libinit$$0000002E  c_p.l(libinit2.o)
    0x00000176   0x00000176   0x00000000   Code   RO         1123    .ARM.Collect$$libinit$$00000030  c_p.l(libinit2.o)
    0x00000176   0x00000176   0x00000000   Code   RO         1125    .ARM.Collect$$libinit$$00000032  c_p.l(libinit2.o)
    0x00000176   0x00000176   0x00000000   Code   RO         1127    .ARM.Collect$$libinit$$00000034  c_p.l(libinit2.o)
    0x00000176   0x00000176   0x00000002   Code   RO         1128    .ARM.Collect$$libinit$$00000035  c_p.l(libinit2.o)
    0x00000178   0x00000178   0x00000002   Code   RO         1158    .ARM.Collect$$libshutdown$$00000000  c_p.l(libshutdown.o)
    0x0000017a   0x0000017a   0x00000000   Code   RO         1189    .ARM.Collect$$libshutdown$$00000002  c_p.l(libshutdown2.o)
    0x0000017a   0x0000017a   0x00000000   Code   RO         1191    .ARM.Collect$$libshutdown$$00000004  c_p.l(libshutdown2.o)
    0x0000017a   0x0000017a   0x00000000   Code   RO         1194    .ARM.Collect$$libshutdown$$00000007  c_p.l(libshutdown2.o)
    0x0000017a   0x0000017a   0x00000000   Code   RO         1197    .ARM.Collect$$libshutdown$$0000000A  c_p.l(libshutdown2.o)
    0x0000017a   0x0000017a   0x00000000   Code   RO         1199    .ARM.Collect$$libshutdown$$0000000C  c_p.l(libshutdown2.o)
    0x0000017a   0x0000017a   0x00000000   Code   RO         1202    .ARM.Collect$$libshutdown$$0000000F  c_p.l(libshutdown2.o)
    0x0000017a   0x0000017a   0x00000002   Code   RO         1203    .ARM.Collect$$libshutdown$$00000010  c_p.l(libshutdown2.o)
    0x0000017c   0x0000017c   0x00000000   Code   RO         1009    .ARM.Collect$$rtentry$$00000000  c_p.l(__rtentry.o)
    0x0000017c   0x0000017c   0x00000000   Code   RO         1031    .ARM.Collect$$rtentry$$00000002  c_p.l(__rtentry2.o)
    0x0000017c   0x0000017c   0x00000006   Code   RO         1043    .ARM.Collect$$rtentry$$00000004  c_p.l(__rtentry4.o)
    0x00000182   0x00000182   0x00000000   Code   RO         1033    .ARM.Collect$$rtentry$$00000009  c_p.l(__rtentry2.o)
    0x00000182   0x00000182   0x00000004   Code   RO         1034    .ARM.Collect$$rtentry$$0000000A  c_p.l(__rtentry2.o)
    0x00000186   0x00000186   0x00000000   Code   RO         1036    .ARM.Collect$$rtentry$$0000000C  c_p.l(__rtentry2.o)
    0x00000186   0x00000186   0x00000008   Code   RO         1037    .ARM.Collect$$rtentry$$0000000D  c_p.l(__rtentry2.o)
    0x0000018e   0x0000018e   0x00000002   Code   RO         1074    .ARM.Collect$$rtexit$$00000000  c_p.l(rtexit.o)
    0x00000190   0x00000190   0x00000000   Code   RO         1132    .ARM.Collect$$rtexit$$00000002  c_p.l(rtexit2.o)
    0x00000190   0x00000190   0x00000004   Code   RO         1133    .ARM.Collect$$rtexit$$00000003  c_p.l(rtexit2.o)
    0x00000194   0x00000194   0x00000006   Code   RO         1134    .ARM.Collect$$rtexit$$00000004  c_p.l(rtexit2.o)
    0x0000019a   0x0000019a   0x00000002   PAD
    0x0000019c   0x0000019c   0x0000002c   Code   RO           28    .text               startup_mspm0g350x_uvision.o
    0x000001c8   0x000001c8   0x00000028   Code   RO          926    .text               c_p.l(noretval__2sprintf.o)
    0x000001f0   0x000001f0   0x0000006c   Code   RO          928    .text               c_p.l(__printf.o)
    0x0000025c   0x0000025c   0x0000006c   Code   RO          930    .text               c_p.l(_printf_dec.o)
    0x000002c8   0x000002c8   0x0000002c   Code   RO          954    .text               c_p.l(puts.o)
    0x000002f4   0x000002f4   0x00000006   Code   RO          964    .text               c_p.l(heapauxi.o)
    0x000002fa   0x000002fa   0x00000002   PAD
    0x000002fc   0x000002fc   0x00000160   Code   RO          998    .text               fz_ps.l(fdiv.o)
    0x0000045c   0x0000045c   0x0000004c   Code   RO         1001    .text               fz_ps.l(ffixi.o)
    0x000004a8   0x000004a8   0x00000030   Code   RO         1003    .text               fz_ps.l(ffixui.o)
    0x000004d8   0x000004d8   0x0000005e   Code   RO         1005    .text               fz_ps.l(fflti.o)
    0x00000536   0x00000536   0x000000b0   Code   RO         1014    .text               c_p.l(_printf_intcommon.o)
    0x000005e6   0x000005e6   0x00000002   PAD
    0x000005e8   0x000005e8   0x00000030   Code   RO         1016    .text               c_p.l(_printf_char_common.o)
    0x00000618   0x00000618   0x0000000a   Code   RO         1018    .text               c_p.l(_sputc.o)
    0x00000622   0x00000622   0x00000028   Code   RO         1021    .text               c_p.l(rtudiv10.o)
    0x0000064a   0x0000064a   0x00000002   PAD
    0x0000064c   0x0000064c   0x00000064   Code   RO         1049    .text               fz_ps.l(fcmpin.o)
    0x000006b0   0x000006b0   0x0000003e   Code   RO         1051    .text               c_p.l(sys_stackheap_outer.o)
    0x000006ee   0x000006ee   0x00000010   Code   RO         1054    .text               c_p.l(exit.o)
    0x000006fe   0x000006fe   0x0000002e   Code   RO         1066    .text               fz_ps.l(cmpret.o)
    0x0000072c   0x0000072c   0x00000010   Code   RO         1068    .text               fz_ps.l(fnan2.o)
    0x0000073c   0x0000073c   0x00000008   Code   RO         1070    .text               c_p.l(libspace.o)
    0x00000744   0x00000744   0x0000005e   Code   RO         1129    .text               fz_ps.l(retnan.o)
    0x000007a2   0x000007a2   0x0000000a   Code   RO          865    .text.DL_Common_delayCycles  dl_common.o
    0x000007ac   0x000007ac   0x00000084   Code   RO          339    .text.DL_TimerA_initPWMMode  dl_timer.o
    0x00000830   0x00000830   0x000000d4   Code   RO          299    .text.DL_Timer_initPWMMode  dl_timer.o
    0x00000904   0x00000904   0x000000ec   Code   RO          281    .text.DL_Timer_initTimerMode  dl_timer.o
    0x000009f0   0x000009f0   0x0000001c   Code   RO          313    .text.DL_Timer_setCaptCompUpdateMethod  dl_timer.o
    0x00000a0c   0x00000a0c   0x00000018   Code   RO          303    .text.DL_Timer_setCaptureCompareOutCtl  dl_timer.o
    0x00000a24   0x00000a24   0x00000010   Code   RO          283    .text.DL_Timer_setCaptureCompareValue  dl_timer.o
    0x00000a34   0x00000a34   0x0000001c   Code   RO          277    .text.DL_Timer_setClockConfig  dl_timer.o
    0x00000a50   0x00000a50   0x00000048   Code   RO          225    .text.DL_UART_init  dl_uart.o
    0x00000a98   0x00000a98   0x00000012   Code   RO          227    .text.DL_UART_setClockConfig  dl_uart.o
    0x00000aaa   0x00000aaa   0x00000002   PAD
    0x00000aac   0x00000aac   0x00000654   Code   RO          150    .text.OLED_Clear    oled.o
    0x00001100   0x00001100   0x0000073c   Code   RO          172    .text.OLED_Init     oled.o
    0x0000183c   0x0000183c   0x000000fc   Code   RO          148    .text.OLED_Refresh  oled.o
    0x00001938   0x00001938   0x000000a0   Code   RO          130    .text.OLED_WR_Byte  oled.o
    0x000019d8   0x000019d8   0x00000080   Code   RO           39    .text.SYSCFG_DL_GPIO_init  ti_msp_dl_config.o
    0x00001a58   0x00001a58   0x00000058   Code   RO           45    .text.SYSCFG_DL_PWM_1_init  ti_msp_dl_config.o
    0x00001ab0   0x00001ab0   0x00000058   Code   RO           43    .text.SYSCFG_DL_PWM_init  ti_msp_dl_config.o
    0x00001b08   0x00001b08   0x0000003c   Code   RO           41    .text.SYSCFG_DL_SYSCTL_init  ti_msp_dl_config.o
    0x00001b44   0x00001b44   0x0000001c   Code   RO           53    .text.SYSCFG_DL_SYSTICK_init  ti_msp_dl_config.o
    0x00001b60   0x00001b60   0x00000048   Code   RO           47    .text.SYSCFG_DL_TIMER_0_init  ti_msp_dl_config.o
    0x00001ba8   0x00001ba8   0x00000080   Code   RO           49    .text.SYSCFG_DL_UART_0_init  ti_msp_dl_config.o
    0x00001c28   0x00001c28   0x0000006c   Code   RO           51    .text.SYSCFG_DL_UART_1_init  ti_msp_dl_config.o
    0x00001c94   0x00001c94   0x00000040   Code   RO           35    .text.SYSCFG_DL_init  ti_msp_dl_config.o
    0x00001cd4   0x00001cd4   0x00000060   Code   RO           37    .text.SYSCFG_DL_initPower  ti_msp_dl_config.o
    0x00001d34   0x00001d34   0x0000010c   Code   RO          142    .text.Send_Byte     oled.o
    0x00001e40   0x00001e40   0x00000040   Code   RO          115    .text.Set_Servo_Angle_x  bsp_sg90.o
    0x00001e80   0x00001e80   0x0000004c   Code   RO          113    .text.Set_Servo_Angle_y  bsp_sg90.o
    0x00001ecc   0x00001ecc   0x000000a0   Code   RO            6    .text.TIMG0_IRQHandler  empty.o
    0x00001f6c   0x00001f6c   0x0000008c   Code   RO           97    .text.UART0_IRQHandler  board.o
    0x00001ff8   0x00001ff8   0x00000002   Code   RO           93    .text._sys_exit     board.o
    0x00001ffa   0x00001ffa   0x00000002   PAD
    0x00001ffc   0x00001ffc   0x00000044   Code   RO           79    .text.board_init    board.o
    0x00002040   0x00002040   0x00000044   Code   RO           83    .text.delay_ms      board.o
    0x00002084   0x00002084   0x00000044   Code   RO           81    .text.delay_us      board.o
    0x000020c8   0x000020c8   0x00000024   Code   RO           95    .text.fputc         board.o
    0x000020ec   0x000020ec   0x00000118   Code   RO            2    .text.main          empty.o
    0x00002204   0x00002204   0x0000014c   Code   RO          197    .text.pid_cal       pid.o
    0x00002350   0x00002350   0x0000000e   Code   RO          191    .text.pid_init      pid.o
    0x0000235e   0x0000235e   0x00000016   Code   RO          981    i._fgeq             fz_ps.l(fcmp.o)
    0x00002374   0x00002374   0x00000016   Code   RO          982    i._fgr              fz_ps.l(fcmp.o)
    0x0000238a   0x0000238a   0x0000001a   Code   RO          983    i._fleq             fz_ps.l(fcmp.o)
    0x000023a4   0x000023a4   0x00000016   Code   RO          984    i._fls              fz_ps.l(fcmp.o)
    0x000023ba   0x000023ba   0x00000002   PAD
    0x000023bc   0x000023bc   0x0000008c   Code   RO          968    x$fpl$fadd          fz_ps.l(faddsub.o)
    0x00002448   0x00002448   0x00000054   Code   RO         1025    x$fpl$fgeqf         fz_ps.l(fgef.o)
    0x0000249c   0x0000249c   0x00000054   Code   RO         1027    x$fpl$fleqf         fz_ps.l(flef.o)
    0x000024f0   0x000024f0   0x000000b0   Code   RO         1007    x$fpl$fmul          fz_ps.l(fmul.o)
    0x000025a0   0x000025a0   0x000000d0   Code   RO          970    x$fpl$fsub          fz_ps.l(faddsub.o)
    0x00002670   0x00002670   0x00000000   Code   RO         1029    x$fpl$usenofp       fz_ps.l(usenofp.o)
    0x00002670   0x00002670   0x00000040   Data   RO          999    .constdata          fz_ps.l(fdiv.o)
    0x000026b0   0x000026b0   0x00000003   Data   RO           61    .rodata.gPWMClockConfig  ti_msp_dl_config.o
    0x000026b3   0x000026b3   0x00000001   PAD
    0x000026b4   0x000026b4   0x00000008   Data   RO           62    .rodata.gPWMConfig  ti_msp_dl_config.o
    0x000026bc   0x000026bc   0x00000003   Data   RO           63    .rodata.gPWM_1ClockConfig  ti_msp_dl_config.o
    0x000026bf   0x000026bf   0x00000001   PAD
    0x000026c0   0x000026c0   0x00000008   Data   RO           64    .rodata.gPWM_1Config  ti_msp_dl_config.o
    0x000026c8   0x000026c8   0x00000003   Data   RO           65    .rodata.gTIMER_0ClockConfig  ti_msp_dl_config.o
    0x000026cb   0x000026cb   0x00000001   PAD
    0x000026cc   0x000026cc   0x00000014   Data   RO           66    .rodata.gTIMER_0TimerConfig  ti_msp_dl_config.o
    0x000026e0   0x000026e0   0x00000002   Data   RO           67    .rodata.gUART_0ClockConfig  ti_msp_dl_config.o
    0x000026e2   0x000026e2   0x0000000a   Data   RO           68    .rodata.gUART_0Config  ti_msp_dl_config.o
    0x000026ec   0x000026ec   0x00000002   Data   RO           69    .rodata.gUART_1ClockConfig  ti_msp_dl_config.o
    0x000026ee   0x000026ee   0x0000000a   Data   RO           70    .rodata.gUART_1Config  ti_msp_dl_config.o
    0x000026f8   0x000026f8   0x00000020   Data   RO         1205    Region$$Table       anon$$obj.o


    Execution Region RW_IRAM2 (Exec base: 0x20200000, Load base: 0x00002718, Size: 0x00000860, Max: 0x00008000, ABSOLUTE)

    Exec Addr    Load Addr    Size         Type   Attr      Idx    E Section Name        Object

    0x20200000   0x00002718   0x00000004   Data   RW           12    .data.servo_x       empty.o
    0x20200004   0x0000271c   0x00000004   Data   RW           13    .data.servo_y       empty.o
    0x20200008        -       0x00000060   Zero   RW         1071    .bss                c_p.l(libspace.o)
    0x20200068        -       0x00000480   Zero   RW          182    .bss.OLED_GRAM      oled.o
    0x202004e8        -       0x00000004   Zero   RW          119    .bss.Servo_Angle    bsp_sg90.o
    0x202004ec        -       0x00000054   Zero   RW          104    .bss.__stdout       board.o
    0x20200540        -       0x00000001   Zero   RW           99    .bss.frame_ok       board.o
    0x20200541   0x00002720   0x00000003   PAD
    0x20200544        -       0x00000078   Zero   RW           59    .bss.gPWMBackup     ti_msp_dl_config.o
    0x202005bc        -       0x000000bc   Zero   RW           60    .bss.gPWM_1Backup   ti_msp_dl_config.o
    0x20200678        -       0x00000001   Zero   RW          102    .bss.idx            board.o
    0x20200679   0x00002720   0x00000003   PAD
    0x2020067c        -       0x00000038   Zero   RW          200    .bss.motorA         pid.o
    0x202006b4        -       0x00000038   Zero   RW          202    .bss.motorB         pid.o
    0x202006ec        -       0x00000007   Zero   RW          103    .bss.rxBuf          board.o
    0x202006f3   0x00002720   0x00000001   PAD
    0x202006f4        -       0x00000002   Zero   RW          100    .bss.target_x       board.o
    0x202006f6        -       0x00000002   Zero   RW          101    .bss.target_y       board.o
    0x202006f8        -       0x00000064   Zero   RW           11    .bss.uart_send      empty.o
    0x2020075c   0x00002720   0x00000004   PAD
    0x20200760        -       0x00000000   Zero   RW           26    HEAP                startup_mspm0g350x_uvision.o
    0x20200760        -       0x00000100   Zero   RW           25    STACK               startup_mspm0g350x_uvision.o



  Load Region LR_BCR (Base: 0x41c00000, Size: 0x00000000, Max: 0x00000100, ABSOLUTE)

    Execution Region BCR_CONFIG (Exec base: 0x41c00000, Load base: 0x41c00000, Size: 0x00000000, Max: 0x00000080, ABSOLUTE)

    **** No section assigned to this execution region ****



  Load Region LR_BSL (Base: 0x41c00100, Size: 0x00000000, Max: 0x00000100, ABSOLUTE)

    Execution Region BSL_CONFIG (Exec base: 0x41c00100, Load base: 0x41c00100, Size: 0x00000000, Max: 0x00000080, ABSOLUTE)

    **** No section assigned to this execution region ****


==============================================================================

Image component sizes


      Code (inc. data)   RO Data    RW Data    ZI Data      Debug   Object Name

       382         76          0          0         97       9344   board.o
       140         20          0          0          4       4138   bsp_sg90.o
        10          0          0          0          0        575   dl_common.o
       676        204          0          0          0      32010   dl_timer.o
        90          8          0          0          0      14495   dl_uart.o
       440         76          0          8        100      10846   empty.o
      4152         20          0          0       1152      26803   oled.o
       346         16          0          0        112       2027   pid.o
        44         18        192          0        256        680   startup_mspm0g350x_uvision.o
       860        196         69          0        308      30546   ti_msp_dl_config.o

    ----------------------------------------------------------------------
      7144        634        296          8       2040     131464   Object Totals
         0          0         32          0          0          0   (incl. Generated)
         4          0          3          0         11          0   (incl. Padding)

    ----------------------------------------------------------------------

      Code (inc. data)   RO Data    RW Data    ZI Data      Debug   Library Member Name

         8          0          0          0          0         68   __main.o
       108          0          0          0          0         76   __printf.o
         0          0          0          0          0          0   __rtentry.o
        12          0          0          0          0          0   __rtentry2.o
         6          0          0          0          0          0   __rtentry4.o
        86         10          0          0          0          0   __scatter.o
        26          0          0          0          0          0   __scatter_copy.o
        28          0          0          0          0          0   __scatter_zi.o
        48          6          0          0          0         88   _printf_char_common.o
        10          0          0          0          0          0   _printf_d.o
       108         18          0          0          0         76   _printf_dec.o
       176          0          0          0          0         84   _printf_intcommon.o
         2          0          0          0          0          0   _printf_percent.o
         4          0          0          0          0          0   _printf_percent_end.o
        10          0          0          0          0         60   _sputc.o
        16          0          0          0          0         68   exit.o
         6          0          0          0          0        136   heapauxi.o
         2          0          0          0          0          0   libinit.o
         2          0          0          0          0          0   libinit2.o
         2          0          0          0          0          0   libshutdown.o
         2          0          0          0          0          0   libshutdown2.o
         8          4          0          0         96         68   libspace.o
        40          4          0          0          0         84   noretval__2sprintf.o
        44          6          0          0          0         68   puts.o
         2          0          0          0          0          0   rtexit.o
        10          0          0          0          0          0   rtexit2.o
        40          0          0          0          0         60   rtudiv10.o
        62          0          0          0          0         80   sys_stackheap_outer.o
        46          0          0          0          0         60   cmpret.o
       348          8          0          0          0        160   faddsub.o
        92          0          0          0          0        272   fcmp.o
       100          4          0          0          0         68   fcmpin.o
       352         10         64          0          0         92   fdiv.o
        76          0          0          0          0         68   ffixi.o
        48          0          0          0          0         60   ffixui.o
        94          0          0          0          0         92   fflti.o
        84          4          0          0          0         76   fgef.o
        84          4          0          0          0         76   flef.o
       176          4          0          0          0         80   fmul.o
        16          6          0          0          0         68   fnan2.o
        94          0          0          0          0         68   retnan.o
         0          0          0          0          0          0   usenofp.o

    ----------------------------------------------------------------------
      2504         92         64          0         96       2256   Library Totals
        26          4          0          0          0          0   (incl. Padding)

    ----------------------------------------------------------------------

      Code (inc. data)   RO Data    RW Data    ZI Data      Debug   Library Name

       868         48          0          0         96       1016   c_p.l
      1610         40         64          0          0       1240   fz_ps.l

    ----------------------------------------------------------------------
      2504         92         64          0         96       2256   Library Totals

    ----------------------------------------------------------------------

==============================================================================


      Code (inc. data)   RO Data    RW Data    ZI Data      Debug   

      9648        726        360          8       2136     132492   Grand Totals
      9648        726        360          8       2136     132492   ELF Image Totals
      9648        726        360          8          0          0   ROM Totals

==============================================================================

    Total RO  Size (Code + RO Data)                10008 (   9.77kB)
    Total RW  Size (RW Data + ZI Data)              2144 (   2.09kB)
    Total ROM Size (Code + RO Data + RW Data)      10016 (   9.78kB)

==============================================================================

